Archive member included to satisfy reference by file (symbol)

e:/program files (x86)/atollic/truestudio for stm32 9.0.1/armtools/bin/../lib/gcc/arm-atollic-eabi/6.3.1/../../../../arm-atollic-eabi/lib/armv7-m\libc_nano.a(lib_a-init.o)
                              src\startup_stm32l152xe.o (__libc_init_array)
e:/program files (x86)/atollic/truestudio for stm32 9.0.1/armtools/bin/../lib/gcc/arm-atollic-eabi/6.3.1/../../../../arm-atollic-eabi/lib/armv7-m\libc_nano.a(lib_a-reent.o)
                              src\syscalls.o (errno)
e:/program files (x86)/atollic/truestudio for stm32 9.0.1/armtools/bin/../lib/gcc/arm-atollic-eabi/6.3.1/../../../../arm-atollic-eabi/lib/armv7-m\libc_nano.a(lib_a-strlen.o)
                              src\tiny_printf.o (strlen)
e:/program files (x86)/atollic/truestudio for stm32 9.0.1/armtools/bin/../lib/gcc/arm-atollic-eabi/6.3.1/../../../../arm-atollic-eabi/lib/armv7-m\libc_nano.a(lib_a-impure.o)
                              e:/program files (x86)/atollic/truestudio for stm32 9.0.1/armtools/bin/../lib/gcc/arm-atollic-eabi/6.3.1/../../../../arm-atollic-eabi/lib/armv7-m\libc_nano.a(lib_a-reent.o) (_impure_ptr)
e:/program files (x86)/atollic/truestudio for stm32 9.0.1/armtools/bin/../lib/gcc/arm-atollic-eabi/6.3.1/../../../../arm-atollic-eabi/lib/armv7-m\libc_nano.a(lib_a-nano-freer.o)
                              e:/program files (x86)/atollic/truestudio for stm32 9.0.1/armtools/bin/../lib/gcc/arm-atollic-eabi/6.3.1/../../../../arm-atollic-eabi/lib/armv7-m\libc_nano.a(lib_a-reent.o) (_free_r)
e:/program files (x86)/atollic/truestudio for stm32 9.0.1/armtools/bin/../lib/gcc/arm-atollic-eabi/6.3.1/../../../../arm-atollic-eabi/lib/armv7-m\libc_nano.a(lib_a-nano-mallocr.o)
                              e:/program files (x86)/atollic/truestudio for stm32 9.0.1/armtools/bin/../lib/gcc/arm-atollic-eabi/6.3.1/../../../../arm-atollic-eabi/lib/armv7-m\libc_nano.a(lib_a-nano-freer.o) (__malloc_free_list)
e:/program files (x86)/atollic/truestudio for stm32 9.0.1/armtools/bin/../lib/gcc/arm-atollic-eabi/6.3.1/../../../../arm-atollic-eabi/lib/armv7-m\libc_nano.a(lib_a-sbrkr.o)
                              e:/program files (x86)/atollic/truestudio for stm32 9.0.1/armtools/bin/../lib/gcc/arm-atollic-eabi/6.3.1/../../../../arm-atollic-eabi/lib/armv7-m\libc_nano.a(lib_a-nano-mallocr.o) (_sbrk_r)
e:/program files (x86)/atollic/truestudio for stm32 9.0.1/armtools/bin/../lib/gcc/arm-atollic-eabi/6.3.1/../../../../arm-atollic-eabi/lib/armv7-m\libc_nano.a(lib_a-mlock.o)
                              e:/program files (x86)/atollic/truestudio for stm32 9.0.1/armtools/bin/../lib/gcc/arm-atollic-eabi/6.3.1/../../../../arm-atollic-eabi/lib/armv7-m\libc_nano.a(lib_a-nano-freer.o) (__malloc_lock)

Allocating common symbols
Common symbol       size              file

errno               0x4               e:/program files (x86)/atollic/truestudio for stm32 9.0.1/armtools/bin/../lib/gcc/arm-atollic-eabi/6.3.1/../../../../arm-atollic-eabi/lib/armv7-m\libc_nano.a(lib_a-reent.o)

Discarded input sections

 .text          0x00000000        0x0 e:/program files (x86)/atollic/truestudio for stm32 9.0.1/armtools/bin/../lib/gcc/arm-atollic-eabi/6.3.1/armv7-m/crti.o
 .data          0x00000000        0x0 e:/program files (x86)/atollic/truestudio for stm32 9.0.1/armtools/bin/../lib/gcc/arm-atollic-eabi/6.3.1/armv7-m/crti.o
 .bss           0x00000000        0x0 e:/program files (x86)/atollic/truestudio for stm32 9.0.1/armtools/bin/../lib/gcc/arm-atollic-eabi/6.3.1/armv7-m/crti.o
 .data          0x00000000        0x4 e:/program files (x86)/atollic/truestudio for stm32 9.0.1/armtools/bin/../lib/gcc/arm-atollic-eabi/6.3.1/armv7-m/crtbegin.o
 .text          0x00000000        0x0 src\delay.o
 .data          0x00000000        0x0 src\delay.o
 .bss           0x00000000        0x0 src\delay.o
 .text.delay_us
                0x00000000       0x78 src\delay.o
 .text          0x00000000        0x0 src\dht22.o
 .data          0x00000000        0x0 src\dht22.o
 .bss           0x00000000        0x0 src\dht22.o
 .text          0x00000000        0x0 src\main.o
 .data          0x00000000        0x0 src\main.o
 .bss           0x00000000        0x0 src\main.o
 .text.USART2_read
                0x00000000       0x30 src\main.o
 .text.read_sensor
                0x00000000       0x3c src\main.o
 .text.LED_Init
                0x00000000       0x1c src\main.o
 .bss.led_value
                0x00000000        0x1 src\main.o
 .text.blink_led
                0x00000000       0x4c src\main.o
 .text          0x00000000        0x0 src\set_sys_clock.o
 .data          0x00000000        0x0 src\set_sys_clock.o
 .bss           0x00000000        0x0 src\set_sys_clock.o
 .text          0x00000000       0x14 src\startup_stm32l152xe.o
 .data          0x00000000        0x0 src\startup_stm32l152xe.o
 .bss           0x00000000        0x0 src\startup_stm32l152xe.o
 .text          0x00000000        0x0 src\syscalls.o
 .data          0x00000000        0x0 src\syscalls.o
 .bss           0x00000000        0x0 src\syscalls.o
 .bss.__env     0x00000000        0x4 src\syscalls.o
 .data.environ  0x00000000        0x4 src\syscalls.o
 .text.initialise_monitor_handles
                0x00000000        0xc src\syscalls.o
 .text._getpid  0x00000000       0x1c src\syscalls.o
 .text._gettimeofday
                0x00000000       0x24 src\syscalls.o
 .text._kill    0x00000000       0x24 src\syscalls.o
 .text._exit    0x00000000        0xa src\syscalls.o
 .text._write   0x00000000       0x24 src\syscalls.o
 .text._sbrk    0x00000000       0x3c src\syscalls.o
 .text._close   0x00000000       0x20 src\syscalls.o
 .text._fstat   0x00000000       0x24 src\syscalls.o
 .text._isatty  0x00000000       0x20 src\syscalls.o
 .text._lseek   0x00000000       0x24 src\syscalls.o
 .text._read    0x00000000       0x24 src\syscalls.o
 .text._readlink
                0x00000000       0x24 src\syscalls.o
 .text._open    0x00000000       0x24 src\syscalls.o
 .text._wait    0x00000000       0x20 src\syscalls.o
 .text._unlink  0x00000000       0x20 src\syscalls.o
 .text._times   0x00000000       0x20 src\syscalls.o
 .text._stat    0x00000000       0x24 src\syscalls.o
 .text._symlink
                0x00000000       0x24 src\syscalls.o
 .text._link    0x00000000       0x24 src\syscalls.o
 .text._fork    0x00000000       0x1c src\syscalls.o
 .text._execve  0x00000000       0x24 src\syscalls.o
 .bss.heap_end.5889
                0x00000000        0x4 src\syscalls.o
 .debug_info    0x00000000     0x103c src\syscalls.o
 .debug_abbrev  0x00000000      0x225 src\syscalls.o
 .debug_aranges
                0x00000000       0xc8 src\syscalls.o
 .debug_ranges  0x00000000       0xb8 src\syscalls.o
 .debug_line    0x00000000      0x3fb src\syscalls.o
 .debug_str     0x00000000      0x8cc src\syscalls.o
 .comment       0x00000000       0x7d src\syscalls.o
 .debug_frame   0x00000000      0x35c src\syscalls.o
 .ARM.attributes
                0x00000000       0x33 src\syscalls.o
 .text          0x00000000        0x0 src\system_stm32l1xx.o
 .data          0x00000000        0x0 src\system_stm32l1xx.o
 .bss           0x00000000        0x0 src\system_stm32l1xx.o
 .rodata.APBPrescTable
                0x00000000        0x8 src\system_stm32l1xx.o
 .text          0x00000000        0x0 src\tiny_printf.o
 .data          0x00000000        0x0 src\tiny_printf.o
 .bss           0x00000000        0x0 src\tiny_printf.o
 .text.ts_itoa  0x00000000       0x90 src\tiny_printf.o
 .text.ts_formatstring
                0x00000000      0x12e src\tiny_printf.o
 .text.ts_formatlength
                0x00000000      0x12c src\tiny_printf.o
 .text.siprintf
                0x00000000       0x2c src\tiny_printf.o
 .text.fiprintf
                0x00000000       0x9a src\tiny_printf.o
 .text.iprintf  0x00000000       0x92 src\tiny_printf.o
 .rodata        0x00000000        0x2 src\tiny_printf.o
 .text.fputs    0x00000000       0x68 src\tiny_printf.o
 .text.puts     0x00000000       0x58 src\tiny_printf.o
 .text.fwrite   0x00000000       0x38 src\tiny_printf.o
 .debug_info    0x00000000      0xc78 src\tiny_printf.o
 .debug_abbrev  0x00000000      0x262 src\tiny_printf.o
 .debug_aranges
                0x00000000       0x60 src\tiny_printf.o
 .debug_ranges  0x00000000       0x50 src\tiny_printf.o
 .debug_line    0x00000000      0x2bf src\tiny_printf.o
 .debug_str     0x00000000      0x664 src\tiny_printf.o
 .comment       0x00000000       0x7d src\tiny_printf.o
 .debug_frame   0x00000000      0x1bc src\tiny_printf.o
 .ARM.attributes
                0x00000000       0x33 src\tiny_printf.o
 .text          0x00000000        0x0 e:/program files (x86)/atollic/truestudio for stm32 9.0.1/armtools/bin/../lib/gcc/arm-atollic-eabi/6.3.1/../../../../arm-atollic-eabi/lib/armv7-m\libc_nano.a(lib_a-init.o)
 .data          0x00000000        0x0 e:/program files (x86)/atollic/truestudio for stm32 9.0.1/armtools/bin/../lib/gcc/arm-atollic-eabi/6.3.1/../../../../arm-atollic-eabi/lib/armv7-m\libc_nano.a(lib_a-init.o)
 .bss           0x00000000        0x0 e:/program files (x86)/atollic/truestudio for stm32 9.0.1/armtools/bin/../lib/gcc/arm-atollic-eabi/6.3.1/../../../../arm-atollic-eabi/lib/armv7-m\libc_nano.a(lib_a-init.o)
 .text          0x00000000        0x0 e:/program files (x86)/atollic/truestudio for stm32 9.0.1/armtools/bin/../lib/gcc/arm-atollic-eabi/6.3.1/../../../../arm-atollic-eabi/lib/armv7-m\libc_nano.a(lib_a-reent.o)
 .data          0x00000000        0x0 e:/program files (x86)/atollic/truestudio for stm32 9.0.1/armtools/bin/../lib/gcc/arm-atollic-eabi/6.3.1/../../../../arm-atollic-eabi/lib/armv7-m\libc_nano.a(lib_a-reent.o)
 .bss           0x00000000        0x0 e:/program files (x86)/atollic/truestudio for stm32 9.0.1/armtools/bin/../lib/gcc/arm-atollic-eabi/6.3.1/../../../../arm-atollic-eabi/lib/armv7-m\libc_nano.a(lib_a-reent.o)
 .text.cleanup_glue
                0x00000000       0x1a e:/program files (x86)/atollic/truestudio for stm32 9.0.1/armtools/bin/../lib/gcc/arm-atollic-eabi/6.3.1/../../../../arm-atollic-eabi/lib/armv7-m\libc_nano.a(lib_a-reent.o)
 .text._reclaim_reent
                0x00000000       0xb8 e:/program files (x86)/atollic/truestudio for stm32 9.0.1/armtools/bin/../lib/gcc/arm-atollic-eabi/6.3.1/../../../../arm-atollic-eabi/lib/armv7-m\libc_nano.a(lib_a-reent.o)
 .debug_frame   0x00000000       0x5c e:/program files (x86)/atollic/truestudio for stm32 9.0.1/armtools/bin/../lib/gcc/arm-atollic-eabi/6.3.1/../../../../arm-atollic-eabi/lib/armv7-m\libc_nano.a(lib_a-reent.o)
 .ARM.attributes
                0x00000000       0x2d e:/program files (x86)/atollic/truestudio for stm32 9.0.1/armtools/bin/../lib/gcc/arm-atollic-eabi/6.3.1/../../../../arm-atollic-eabi/lib/armv7-m\libc_nano.a(lib_a-reent.o)
 COMMON         0x00000000        0x4 e:/program files (x86)/atollic/truestudio for stm32 9.0.1/armtools/bin/../lib/gcc/arm-atollic-eabi/6.3.1/../../../../arm-atollic-eabi/lib/armv7-m\libc_nano.a(lib_a-reent.o)
 .text          0x00000000       0x10 e:/program files (x86)/atollic/truestudio for stm32 9.0.1/armtools/bin/../lib/gcc/arm-atollic-eabi/6.3.1/../../../../arm-atollic-eabi/lib/armv7-m\libc_nano.a(lib_a-strlen.o)
 .data          0x00000000        0x0 e:/program files (x86)/atollic/truestudio for stm32 9.0.1/armtools/bin/../lib/gcc/arm-atollic-eabi/6.3.1/../../../../arm-atollic-eabi/lib/armv7-m\libc_nano.a(lib_a-strlen.o)
 .bss           0x00000000        0x0 e:/program files (x86)/atollic/truestudio for stm32 9.0.1/armtools/bin/../lib/gcc/arm-atollic-eabi/6.3.1/../../../../arm-atollic-eabi/lib/armv7-m\libc_nano.a(lib_a-strlen.o)
 .ARM.attributes
                0x00000000       0x17 e:/program files (x86)/atollic/truestudio for stm32 9.0.1/armtools/bin/../lib/gcc/arm-atollic-eabi/6.3.1/../../../../arm-atollic-eabi/lib/armv7-m\libc_nano.a(lib_a-strlen.o)
 .text          0x00000000        0x0 e:/program files (x86)/atollic/truestudio for stm32 9.0.1/armtools/bin/../lib/gcc/arm-atollic-eabi/6.3.1/../../../../arm-atollic-eabi/lib/armv7-m\libc_nano.a(lib_a-impure.o)
 .data          0x00000000        0x0 e:/program files (x86)/atollic/truestudio for stm32 9.0.1/armtools/bin/../lib/gcc/arm-atollic-eabi/6.3.1/../../../../arm-atollic-eabi/lib/armv7-m\libc_nano.a(lib_a-impure.o)
 .bss           0x00000000        0x0 e:/program files (x86)/atollic/truestudio for stm32 9.0.1/armtools/bin/../lib/gcc/arm-atollic-eabi/6.3.1/../../../../arm-atollic-eabi/lib/armv7-m\libc_nano.a(lib_a-impure.o)
 .data._impure_ptr
                0x00000000        0x4 e:/program files (x86)/atollic/truestudio for stm32 9.0.1/armtools/bin/../lib/gcc/arm-atollic-eabi/6.3.1/../../../../arm-atollic-eabi/lib/armv7-m\libc_nano.a(lib_a-impure.o)
 .data.impure_data
                0x00000000       0x60 e:/program files (x86)/atollic/truestudio for stm32 9.0.1/armtools/bin/../lib/gcc/arm-atollic-eabi/6.3.1/../../../../arm-atollic-eabi/lib/armv7-m\libc_nano.a(lib_a-impure.o)
 .rodata._global_impure_ptr
                0x00000000        0x4 e:/program files (x86)/atollic/truestudio for stm32 9.0.1/armtools/bin/../lib/gcc/arm-atollic-eabi/6.3.1/../../../../arm-atollic-eabi/lib/armv7-m\libc_nano.a(lib_a-impure.o)
 .ARM.attributes
                0x00000000       0x2d e:/program files (x86)/atollic/truestudio for stm32 9.0.1/armtools/bin/../lib/gcc/arm-atollic-eabi/6.3.1/../../../../arm-atollic-eabi/lib/armv7-m\libc_nano.a(lib_a-impure.o)
 .text          0x00000000        0x0 e:/program files (x86)/atollic/truestudio for stm32 9.0.1/armtools/bin/../lib/gcc/arm-atollic-eabi/6.3.1/../../../../arm-atollic-eabi/lib/armv7-m\libc_nano.a(lib_a-nano-freer.o)
 .data          0x00000000        0x0 e:/program files (x86)/atollic/truestudio for stm32 9.0.1/armtools/bin/../lib/gcc/arm-atollic-eabi/6.3.1/../../../../arm-atollic-eabi/lib/armv7-m\libc_nano.a(lib_a-nano-freer.o)
 .bss           0x00000000        0x0 e:/program files (x86)/atollic/truestudio for stm32 9.0.1/armtools/bin/../lib/gcc/arm-atollic-eabi/6.3.1/../../../../arm-atollic-eabi/lib/armv7-m\libc_nano.a(lib_a-nano-freer.o)
 .text._free_r  0x00000000       0x98 e:/program files (x86)/atollic/truestudio for stm32 9.0.1/armtools/bin/../lib/gcc/arm-atollic-eabi/6.3.1/../../../../arm-atollic-eabi/lib/armv7-m\libc_nano.a(lib_a-nano-freer.o)
 .debug_frame   0x00000000       0x38 e:/program files (x86)/atollic/truestudio for stm32 9.0.1/armtools/bin/../lib/gcc/arm-atollic-eabi/6.3.1/../../../../arm-atollic-eabi/lib/armv7-m\libc_nano.a(lib_a-nano-freer.o)
 .ARM.attributes
                0x00000000       0x2d e:/program files (x86)/atollic/truestudio for stm32 9.0.1/armtools/bin/../lib/gcc/arm-atollic-eabi/6.3.1/../../../../arm-atollic-eabi/lib/armv7-m\libc_nano.a(lib_a-nano-freer.o)
 .text          0x00000000        0x0 e:/program files (x86)/atollic/truestudio for stm32 9.0.1/armtools/bin/../lib/gcc/arm-atollic-eabi/6.3.1/../../../../arm-atollic-eabi/lib/armv7-m\libc_nano.a(lib_a-nano-mallocr.o)
 .data          0x00000000        0x0 e:/program files (x86)/atollic/truestudio for stm32 9.0.1/armtools/bin/../lib/gcc/arm-atollic-eabi/6.3.1/../../../../arm-atollic-eabi/lib/armv7-m\libc_nano.a(lib_a-nano-mallocr.o)
 .bss           0x00000000        0x0 e:/program files (x86)/atollic/truestudio for stm32 9.0.1/armtools/bin/../lib/gcc/arm-atollic-eabi/6.3.1/../../../../arm-atollic-eabi/lib/armv7-m\libc_nano.a(lib_a-nano-mallocr.o)
 .text._malloc_r
                0x00000000       0xbc e:/program files (x86)/atollic/truestudio for stm32 9.0.1/armtools/bin/../lib/gcc/arm-atollic-eabi/6.3.1/../../../../arm-atollic-eabi/lib/armv7-m\libc_nano.a(lib_a-nano-mallocr.o)
 .bss.__malloc_free_list
                0x00000000        0x4 e:/program files (x86)/atollic/truestudio for stm32 9.0.1/armtools/bin/../lib/gcc/arm-atollic-eabi/6.3.1/../../../../arm-atollic-eabi/lib/armv7-m\libc_nano.a(lib_a-nano-mallocr.o)
 .bss.__malloc_sbrk_start
                0x00000000        0x4 e:/program files (x86)/atollic/truestudio for stm32 9.0.1/armtools/bin/../lib/gcc/arm-atollic-eabi/6.3.1/../../../../arm-atollic-eabi/lib/armv7-m\libc_nano.a(lib_a-nano-mallocr.o)
 .debug_frame   0x00000000       0x2c e:/program files (x86)/atollic/truestudio for stm32 9.0.1/armtools/bin/../lib/gcc/arm-atollic-eabi/6.3.1/../../../../arm-atollic-eabi/lib/armv7-m\libc_nano.a(lib_a-nano-mallocr.o)
 .ARM.attributes
                0x00000000       0x2d e:/program files (x86)/atollic/truestudio for stm32 9.0.1/armtools/bin/../lib/gcc/arm-atollic-eabi/6.3.1/../../../../arm-atollic-eabi/lib/armv7-m\libc_nano.a(lib_a-nano-mallocr.o)
 .text          0x00000000        0x0 e:/program files (x86)/atollic/truestudio for stm32 9.0.1/armtools/bin/../lib/gcc/arm-atollic-eabi/6.3.1/../../../../arm-atollic-eabi/lib/armv7-m\libc_nano.a(lib_a-sbrkr.o)
 .data          0x00000000        0x0 e:/program files (x86)/atollic/truestudio for stm32 9.0.1/armtools/bin/../lib/gcc/arm-atollic-eabi/6.3.1/../../../../arm-atollic-eabi/lib/armv7-m\libc_nano.a(lib_a-sbrkr.o)
 .bss           0x00000000        0x0 e:/program files (x86)/atollic/truestudio for stm32 9.0.1/armtools/bin/../lib/gcc/arm-atollic-eabi/6.3.1/../../../../arm-atollic-eabi/lib/armv7-m\libc_nano.a(lib_a-sbrkr.o)
 .text._sbrk_r  0x00000000       0x20 e:/program files (x86)/atollic/truestudio for stm32 9.0.1/armtools/bin/../lib/gcc/arm-atollic-eabi/6.3.1/../../../../arm-atollic-eabi/lib/armv7-m\libc_nano.a(lib_a-sbrkr.o)
 .debug_frame   0x00000000       0x2c e:/program files (x86)/atollic/truestudio for stm32 9.0.1/armtools/bin/../lib/gcc/arm-atollic-eabi/6.3.1/../../../../arm-atollic-eabi/lib/armv7-m\libc_nano.a(lib_a-sbrkr.o)
 .ARM.attributes
                0x00000000       0x2d e:/program files (x86)/atollic/truestudio for stm32 9.0.1/armtools/bin/../lib/gcc/arm-atollic-eabi/6.3.1/../../../../arm-atollic-eabi/lib/armv7-m\libc_nano.a(lib_a-sbrkr.o)
 .text          0x00000000        0x0 e:/program files (x86)/atollic/truestudio for stm32 9.0.1/armtools/bin/../lib/gcc/arm-atollic-eabi/6.3.1/../../../../arm-atollic-eabi/lib/armv7-m\libc_nano.a(lib_a-mlock.o)
 .data          0x00000000        0x0 e:/program files (x86)/atollic/truestudio for stm32 9.0.1/armtools/bin/../lib/gcc/arm-atollic-eabi/6.3.1/../../../../arm-atollic-eabi/lib/armv7-m\libc_nano.a(lib_a-mlock.o)
 .bss           0x00000000        0x0 e:/program files (x86)/atollic/truestudio for stm32 9.0.1/armtools/bin/../lib/gcc/arm-atollic-eabi/6.3.1/../../../../arm-atollic-eabi/lib/armv7-m\libc_nano.a(lib_a-mlock.o)
 .text.__malloc_lock
                0x00000000        0x2 e:/program files (x86)/atollic/truestudio for stm32 9.0.1/armtools/bin/../lib/gcc/arm-atollic-eabi/6.3.1/../../../../arm-atollic-eabi/lib/armv7-m\libc_nano.a(lib_a-mlock.o)
 .text.__malloc_unlock
                0x00000000        0x2 e:/program files (x86)/atollic/truestudio for stm32 9.0.1/armtools/bin/../lib/gcc/arm-atollic-eabi/6.3.1/../../../../arm-atollic-eabi/lib/armv7-m\libc_nano.a(lib_a-mlock.o)
 .debug_frame   0x00000000       0x30 e:/program files (x86)/atollic/truestudio for stm32 9.0.1/armtools/bin/../lib/gcc/arm-atollic-eabi/6.3.1/../../../../arm-atollic-eabi/lib/armv7-m\libc_nano.a(lib_a-mlock.o)
 .ARM.attributes
                0x00000000       0x2d e:/program files (x86)/atollic/truestudio for stm32 9.0.1/armtools/bin/../lib/gcc/arm-atollic-eabi/6.3.1/../../../../arm-atollic-eabi/lib/armv7-m\libc_nano.a(lib_a-mlock.o)
 .text          0x00000000        0x0 e:/program files (x86)/atollic/truestudio for stm32 9.0.1/armtools/bin/../lib/gcc/arm-atollic-eabi/6.3.1/armv7-m/crtend.o
 .data          0x00000000        0x0 e:/program files (x86)/atollic/truestudio for stm32 9.0.1/armtools/bin/../lib/gcc/arm-atollic-eabi/6.3.1/armv7-m/crtend.o
 .bss           0x00000000        0x0 e:/program files (x86)/atollic/truestudio for stm32 9.0.1/armtools/bin/../lib/gcc/arm-atollic-eabi/6.3.1/armv7-m/crtend.o
 .eh_frame      0x00000000        0x4 e:/program files (x86)/atollic/truestudio for stm32 9.0.1/armtools/bin/../lib/gcc/arm-atollic-eabi/6.3.1/armv7-m/crtend.o
 .ARM.attributes
                0x00000000       0x2d e:/program files (x86)/atollic/truestudio for stm32 9.0.1/armtools/bin/../lib/gcc/arm-atollic-eabi/6.3.1/armv7-m/crtend.o
 .text          0x00000000        0x0 e:/program files (x86)/atollic/truestudio for stm32 9.0.1/armtools/bin/../lib/gcc/arm-atollic-eabi/6.3.1/armv7-m/crtn.o
 .data          0x00000000        0x0 e:/program files (x86)/atollic/truestudio for stm32 9.0.1/armtools/bin/../lib/gcc/arm-atollic-eabi/6.3.1/armv7-m/crtn.o
 .bss           0x00000000        0x0 e:/program files (x86)/atollic/truestudio for stm32 9.0.1/armtools/bin/../lib/gcc/arm-atollic-eabi/6.3.1/armv7-m/crtn.o

Memory Configuration

Name             Origin             Length             Attributes
FLASH            0x08000000         0x00080000         xr
RAM              0x20000000         0x00014000         xrw
MEMORY_B1        0x60000000         0x00000000         xr
*default*        0x00000000         0xffffffff

Linker script and memory map

LOAD e:/program files (x86)/atollic/truestudio for stm32 9.0.1/armtools/bin/../lib/gcc/arm-atollic-eabi/6.3.1/armv7-m/crti.o
LOAD e:/program files (x86)/atollic/truestudio for stm32 9.0.1/armtools/bin/../lib/gcc/arm-atollic-eabi/6.3.1/armv7-m/crtbegin.o
LOAD src\delay.o
LOAD src\dht22.o
LOAD src\main.o
LOAD src\set_sys_clock.o
LOAD src\startup_stm32l152xe.o
LOAD src\syscalls.o
LOAD src\system_stm32l1xx.o
LOAD src\tiny_printf.o
                0x00000080                malloc_getpagesize_P = 0x80
START GROUP
LOAD e:/program files (x86)/atollic/truestudio for stm32 9.0.1/armtools/bin/../lib/gcc/arm-atollic-eabi/6.3.1/../../../../arm-atollic-eabi/lib/armv7-m\libc_nano.a
LOAD e:/program files (x86)/atollic/truestudio for stm32 9.0.1/armtools/bin/../lib/gcc/arm-atollic-eabi/6.3.1/../../../../arm-atollic-eabi/lib/armv7-m\libm.a
END GROUP
START GROUP
LOAD e:/program files (x86)/atollic/truestudio for stm32 9.0.1/armtools/bin/../lib/gcc/arm-atollic-eabi/6.3.1/armv7-m\libgcc.a
LOAD e:/program files (x86)/atollic/truestudio for stm32 9.0.1/armtools/bin/../lib/gcc/arm-atollic-eabi/6.3.1/../../../../arm-atollic-eabi/lib/armv7-m\libc_nano.a
END GROUP
START GROUP
LOAD e:/program files (x86)/atollic/truestudio for stm32 9.0.1/armtools/bin/../lib/gcc/arm-atollic-eabi/6.3.1/armv7-m\libgcc.a
LOAD e:/program files (x86)/atollic/truestudio for stm32 9.0.1/armtools/bin/../lib/gcc/arm-atollic-eabi/6.3.1/../../../../arm-atollic-eabi/lib/armv7-m\libc_nano.a
LOAD e:/program files (x86)/atollic/truestudio for stm32 9.0.1/armtools/bin/../lib/gcc/arm-atollic-eabi/6.3.1/../../../../arm-atollic-eabi/lib/armv7-m\libnosys.a
END GROUP
START GROUP
LOAD e:/program files (x86)/atollic/truestudio for stm32 9.0.1/armtools/bin/../lib/gcc/arm-atollic-eabi/6.3.1/armv7-m\libgcc.a
LOAD e:/program files (x86)/atollic/truestudio for stm32 9.0.1/armtools/bin/../lib/gcc/arm-atollic-eabi/6.3.1/../../../../arm-atollic-eabi/lib/armv7-m\libc_nano.a
LOAD e:/program files (x86)/atollic/truestudio for stm32 9.0.1/armtools/bin/../lib/gcc/arm-atollic-eabi/6.3.1/../../../../arm-atollic-eabi/lib/armv7-m\libnosys.a
END GROUP
LOAD e:/program files (x86)/atollic/truestudio for stm32 9.0.1/armtools/bin/../lib/gcc/arm-atollic-eabi/6.3.1/armv7-m/crtend.o
LOAD e:/program files (x86)/atollic/truestudio for stm32 9.0.1/armtools/bin/../lib/gcc/arm-atollic-eabi/6.3.1/armv7-m/crtn.o
                0x20014000                _estack = 0x20014000
                0x00000000                _Min_Heap_Size = 0x0
                0x00000400                _Min_Stack_Size = 0x400

.isr_vector     0x08000000      0x13c
                0x08000000                . = ALIGN (0x4)
 *(.isr_vector)
 .isr_vector    0x08000000      0x13c src\startup_stm32l152xe.o
                0x08000000                g_pfnVectors
                0x0800013c                . = ALIGN (0x4)

.text           0x0800013c      0xcfc
                0x0800013c                . = ALIGN (0x4)
 *(.text)
 .text          0x0800013c       0x40 e:/program files (x86)/atollic/truestudio for stm32 9.0.1/armtools/bin/../lib/gcc/arm-atollic-eabi/6.3.1/armv7-m/crtbegin.o
 *(.text*)
 .text.delay_Ms
                0x0800017c       0x3a src\delay.o
                0x0800017c                delay_Ms
 .text.delay_Us
                0x080001b6       0x2a src\delay.o
                0x080001b6                delay_Us
 .text.read_dht22_humidity_and_temperature
                0x080001e0      0x1dc src\dht22.o
                0x080001e0                read_dht22_humidity_and_temperature
 .text.NVIC_EnableIRQ
                0x080003bc       0x30 src\main.o
 .text.clear_buffer
                0x080003ec       0x2e src\main.o
                0x080003ec                clear_buffer
 *fill*         0x0800041a        0x2 
 .text.main     0x0800041c      0x1d0 src\main.o
                0x0800041c                main
 .text.USART1_Init
                0x080005ec       0xa8 src\main.o
                0x080005ec                USART1_Init
 .text.USART2_Init
                0x08000694       0x84 src\main.o
                0x08000694                USART2_Init
 .text.USART1_write
                0x08000718       0x2c src\main.o
                0x08000718                USART1_write
 .text.USART2_write
                0x08000744       0x2c src\main.o
                0x08000744                USART2_write
 .text.USART1_IRQHandler
                0x08000770       0x7c src\main.o
                0x08000770                USART1_IRQHandler
 .text.CRC16    0x080007ec       0x54 src\main.o
                0x080007ec                CRC16
 .text.USART1_read
                0x08000840       0x30 src\main.o
                0x08000840                USART1_read
 .text.wrong_slave_address
                0x08000870       0x40 src\main.o
                0x08000870                wrong_slave_address
 .text.read_7_bytes_from_usartx
                0x080008b0       0x5c src\main.o
                0x080008b0                read_7_bytes_from_usartx
 .text.respond_frame
                0x0800090c       0xf8 src\main.o
                0x0800090c                respond_frame
 .text.write_debug_msg
                0x08000a04       0x50 src\main.o
                0x08000a04                write_debug_msg
 .text.write_debug_frame
                0x08000a54       0x74 src\main.o
                0x08000a54                write_debug_frame
 .text.SetSysClock
                0x08000ac8      0x10c src\set_sys_clock.o
                0x08000ac8                SetSysClock
 .text.Reset_Handler
                0x08000bd4       0x48 src\startup_stm32l152xe.o
                0x08000bd4                Reset_Handler
 .text.Default_Handler
                0x08000c1c        0x2 src\startup_stm32l152xe.o
                0x08000c1c                RTC_Alarm_IRQHandler
                0x08000c1c                EXTI2_IRQHandler
                0x08000c1c                COMP_ACQ_IRQHandler
                0x08000c1c                DebugMon_Handler
                0x08000c1c                HardFault_Handler
                0x08000c1c                TIM10_IRQHandler
                0x08000c1c                USB_HP_IRQHandler
                0x08000c1c                TIM6_IRQHandler
                0x08000c1c                SysTick_Handler
                0x08000c1c                PVD_IRQHandler
                0x08000c1c                PendSV_Handler
                0x08000c1c                NMI_Handler
                0x08000c1c                EXTI3_IRQHandler
                0x08000c1c                EXTI0_IRQHandler
                0x08000c1c                I2C2_EV_IRQHandler
                0x08000c1c                UsageFault_Handler
                0x08000c1c                SPI1_IRQHandler
                0x08000c1c                USB_FS_WKUP_IRQHandler
                0x08000c1c                DMA2_Channel2_IRQHandler
                0x08000c1c                DMA1_Channel4_IRQHandler
                0x08000c1c                ADC1_IRQHandler
                0x08000c1c                USART3_IRQHandler
                0x08000c1c                DMA1_Channel7_IRQHandler
                0x08000c1c                LCD_IRQHandler
                0x08000c1c                UART5_IRQHandler
                0x08000c1c                TIM4_IRQHandler
                0x08000c1c                DMA2_Channel1_IRQHandler
                0x08000c1c                I2C1_EV_IRQHandler
                0x08000c1c                DMA1_Channel6_IRQHandler
                0x08000c1c                UART4_IRQHandler
                0x08000c1c                DMA2_Channel4_IRQHandler
                0x08000c1c                TIM3_IRQHandler
                0x08000c1c                RCC_IRQHandler
                0x08000c1c                DMA1_Channel1_IRQHandler
                0x08000c1c                Default_Handler
                0x08000c1c                EXTI15_10_IRQHandler
                0x08000c1c                TIM7_IRQHandler
                0x08000c1c                TIM5_IRQHandler
                0x08000c1c                EXTI9_5_IRQHandler
                0x08000c1c                TIM9_IRQHandler
                0x08000c1c                TAMPER_STAMP_IRQHandler
                0x08000c1c                RTC_WKUP_IRQHandler
                0x08000c1c                SPI2_IRQHandler
                0x08000c1c                MemManage_Handler
                0x08000c1c                SVC_Handler
                0x08000c1c                DMA2_Channel5_IRQHandler
                0x08000c1c                DMA1_Channel5_IRQHandler
                0x08000c1c                USB_LP_IRQHandler
                0x08000c1c                EXTI4_IRQHandler
                0x08000c1c                DMA1_Channel3_IRQHandler
                0x08000c1c                COMP_IRQHandler
                0x08000c1c                WWDG_IRQHandler
                0x08000c1c                TIM2_IRQHandler
                0x08000c1c                DAC_IRQHandler
                0x08000c1c                EXTI1_IRQHandler
                0x08000c1c                TIM11_IRQHandler
                0x08000c1c                USART2_IRQHandler
                0x08000c1c                I2C2_ER_IRQHandler
                0x08000c1c                DMA1_Channel2_IRQHandler
                0x08000c1c                FLASH_IRQHandler
                0x08000c1c                BusFault_Handler
                0x08000c1c                SPI3_IRQHandler
                0x08000c1c                I2C1_ER_IRQHandler
                0x08000c1c                DMA2_Channel3_IRQHandler
 *fill*         0x08000c1e        0x2 
 .text.SystemInit
                0x08000c20       0x68 src\system_stm32l1xx.o
                0x08000c20                SystemInit
 .text.SystemCoreClockUpdate
                0x08000c88      0x150 src\system_stm32l1xx.o
                0x08000c88                SystemCoreClockUpdate
 .text.__libc_init_array
                0x08000dd8       0x48 e:/program files (x86)/atollic/truestudio for stm32 9.0.1/armtools/bin/../lib/gcc/arm-atollic-eabi/6.3.1/../../../../arm-atollic-eabi/lib/armv7-m\libc_nano.a(lib_a-init.o)
                0x08000dd8                __libc_init_array
 *(.glue_7)
 .glue_7        0x08000e20        0x0 linker stubs
 *(.glue_7t)
 .glue_7t       0x08000e20        0x0 linker stubs
 *(.eh_frame)
 .eh_frame      0x08000e20        0x0 e:/program files (x86)/atollic/truestudio for stm32 9.0.1/armtools/bin/../lib/gcc/arm-atollic-eabi/6.3.1/armv7-m/crtbegin.o
 *(.init)
 .init          0x08000e20        0x4 e:/program files (x86)/atollic/truestudio for stm32 9.0.1/armtools/bin/../lib/gcc/arm-atollic-eabi/6.3.1/armv7-m/crti.o
                0x08000e20                _init
 .init          0x08000e24        0x8 e:/program files (x86)/atollic/truestudio for stm32 9.0.1/armtools/bin/../lib/gcc/arm-atollic-eabi/6.3.1/armv7-m/crtn.o
 *(.fini)
 .fini          0x08000e2c        0x4 e:/program files (x86)/atollic/truestudio for stm32 9.0.1/armtools/bin/../lib/gcc/arm-atollic-eabi/6.3.1/armv7-m/crti.o
                0x08000e2c                _fini
 .fini          0x08000e30        0x8 e:/program files (x86)/atollic/truestudio for stm32 9.0.1/armtools/bin/../lib/gcc/arm-atollic-eabi/6.3.1/armv7-m/crtn.o
                0x08000e38                . = ALIGN (0x4)
                0x08000e38                _etext = .

.vfp11_veneer   0x08000e38        0x0
 .vfp11_veneer  0x08000e38        0x0 linker stubs

.v4_bx          0x08000e38        0x0
 .v4_bx         0x08000e38        0x0 linker stubs

.iplt           0x08000e38        0x0
 .iplt          0x08000e38        0x0 e:/program files (x86)/atollic/truestudio for stm32 9.0.1/armtools/bin/../lib/gcc/arm-atollic-eabi/6.3.1/armv7-m/crtbegin.o

.rodata         0x08000e38      0x254
                0x08000e38                . = ALIGN (0x4)
 *(.rodata)
 .rodata        0x08000e38       0x37 src\main.o
 *(.rodata*)
 *fill*         0x08000e6f        0x1 
 .rodata.wCRCTable.6497
                0x08000e70      0x200 src\main.o
 .rodata.PLLMulTable
                0x08001070        0x9 src\system_stm32l1xx.o
                0x08001070                PLLMulTable
 *fill*         0x08001079        0x3 
 .rodata.AHBPrescTable
                0x0800107c       0x10 src\system_stm32l1xx.o
                0x0800107c                AHBPrescTable
                0x0800108c                . = ALIGN (0x4)

.rel.dyn        0x0800108c        0x0
 .rel.iplt      0x0800108c        0x0 e:/program files (x86)/atollic/truestudio for stm32 9.0.1/armtools/bin/../lib/gcc/arm-atollic-eabi/6.3.1/armv7-m/crtbegin.o

.ARM.extab
 *(.ARM.extab* .gnu.linkonce.armextab.*)

.ARM            0x0800108c        0x0
                0x0800108c                __exidx_start = .
 *(.ARM.exidx*)
                0x0800108c                __exidx_end = .

.preinit_array  0x0800108c        0x0
                0x0800108c                PROVIDE (__preinit_array_start, .)
 *(.preinit_array*)
                0x0800108c                PROVIDE (__preinit_array_end, .)

.init_array     0x0800108c        0x4
                0x0800108c                PROVIDE (__init_array_start, .)
 *(SORT(.init_array.*))
 *(.init_array*)
 .init_array    0x0800108c        0x4 e:/program files (x86)/atollic/truestudio for stm32 9.0.1/armtools/bin/../lib/gcc/arm-atollic-eabi/6.3.1/armv7-m/crtbegin.o
                0x08001090                PROVIDE (__init_array_end, .)

.fini_array     0x08001090        0x4
                [!provide]                PROVIDE (__fini_array_start, .)
 *(SORT(.fini_array.*))
 *(.fini_array*)
 .fini_array    0x08001090        0x4 e:/program files (x86)/atollic/truestudio for stm32 9.0.1/armtools/bin/../lib/gcc/arm-atollic-eabi/6.3.1/armv7-m/crtbegin.o
                [!provide]                PROVIDE (__fini_array_end, .)
                0x08001094                _sidata = LOADADDR (.data)

.data           0x20000000       0x18 load address 0x08001094
                0x20000000                . = ALIGN (0x4)
                0x20000000                _sdata = .
 *(.data)
 *(.data*)
 .data.mFlag    0x20000000        0x1 src\main.o
                0x20000000                mFlag
 *fill*         0x20000001        0x3 
 .data.bytestr  0x20000004       0x10 src\main.o
                0x20000004                bytestr
 .data.SystemCoreClock
                0x20000014        0x4 src\system_stm32l1xx.o
                0x20000014                SystemCoreClock
                0x20000018                . = ALIGN (0x4)
                0x20000018                _edata = .

.igot.plt       0x20000018        0x0 load address 0x080010ac
 .igot.plt      0x20000018        0x0 e:/program files (x86)/atollic/truestudio for stm32 9.0.1/armtools/bin/../lib/gcc/arm-atollic-eabi/6.3.1/armv7-m/crtbegin.o
                0x20000018                . = ALIGN (0x4)

.bss            0x20000018       0x20 load address 0x080010ac
                0x20000018                _sbss = .
                0x20000018                __bss_start__ = _sbss
 *(.bss)
 .bss           0x20000018       0x1c e:/program files (x86)/atollic/truestudio for stm32 9.0.1/armtools/bin/../lib/gcc/arm-atollic-eabi/6.3.1/armv7-m/crtbegin.o
 *(.bss*)
 .bss.neFlag    0x20000034        0x1 src\main.o
                0x20000034                neFlag
 .bss.frameFlag
                0x20000035        0x1 src\main.o
                0x20000035                frameFlag
 *(COMMON)
                0x20000038                . = ALIGN (0x4)
 *fill*         0x20000036        0x2 
                0x20000038                _ebss = .
                0x20000038                __bss_end__ = _ebss

._user_heap_stack
                0x20000038      0x400 load address 0x080010ac
                0x20000038                . = ALIGN (0x4)
                0x20000038                PROVIDE (end, .)
                [!provide]                PROVIDE (_end, .)
                0x20000038                . = (. + _Min_Heap_Size)
                0x20000438                . = (. + _Min_Stack_Size)
 *fill*         0x20000038      0x400 
                0x20000438                . = ALIGN (0x4)

.memory_b1_text
 *(.mb1text)
 *(.mb1text*)
 *(.mb1rodata)
 *(.mb1rodata*)

/DISCARD/
 libc.a(*)
 libm.a(*)
 libgcc.a(*)

.ARM.attributes
                0x00000000       0x29
 *(.ARM.attributes)
 .ARM.attributes
                0x00000000       0x1d e:/program files (x86)/atollic/truestudio for stm32 9.0.1/armtools/bin/../lib/gcc/arm-atollic-eabi/6.3.1/armv7-m/crti.o
 .ARM.attributes
                0x0000001d       0x2d e:/program files (x86)/atollic/truestudio for stm32 9.0.1/armtools/bin/../lib/gcc/arm-atollic-eabi/6.3.1/armv7-m/crtbegin.o
 .ARM.attributes
                0x0000004a       0x33 src\delay.o
 .ARM.attributes
                0x0000007d       0x33 src\dht22.o
 .ARM.attributes
                0x000000b0       0x33 src\main.o
 .ARM.attributes
                0x000000e3       0x33 src\set_sys_clock.o
 .ARM.attributes
                0x00000116       0x21 src\startup_stm32l152xe.o
 .ARM.attributes
                0x00000137       0x33 src\system_stm32l1xx.o
 .ARM.attributes
                0x0000016a       0x2d e:/program files (x86)/atollic/truestudio for stm32 9.0.1/armtools/bin/../lib/gcc/arm-atollic-eabi/6.3.1/../../../../arm-atollic-eabi/lib/armv7-m\libc_nano.a(lib_a-init.o)
 .ARM.attributes
                0x00000197       0x1d e:/program files (x86)/atollic/truestudio for stm32 9.0.1/armtools/bin/../lib/gcc/arm-atollic-eabi/6.3.1/armv7-m/crtn.o
OUTPUT(template.elf elf32-littlearm)

.debug_info     0x00000000     0x3bd6
 .debug_info    0x00000000      0xbda src\delay.o
 .debug_info    0x00000bda      0xbb6 src\dht22.o
 .debug_info    0x00001790     0x1449 src\main.o
 .debug_info    0x00002bd9      0xb3c src\set_sys_clock.o
 .debug_info    0x00003715       0x76 src\startup_stm32l152xe.o
 .debug_info    0x0000378b      0x44b src\system_stm32l1xx.o

.debug_abbrev   0x00000000      0x9af
 .debug_abbrev  0x00000000      0x1c6 src\delay.o
 .debug_abbrev  0x000001c6      0x1c3 src\dht22.o
 .debug_abbrev  0x00000389      0x372 src\main.o
 .debug_abbrev  0x000006fb      0x194 src\set_sys_clock.o
 .debug_abbrev  0x0000088f       0x12 src\startup_stm32l152xe.o
 .debug_abbrev  0x000008a1      0x10e src\system_stm32l1xx.o

.debug_aranges  0x00000000      0x170
 .debug_aranges
                0x00000000       0x30 src\delay.o
 .debug_aranges
                0x00000030       0x20 src\dht22.o
 .debug_aranges
                0x00000050       0xb0 src\main.o
 .debug_aranges
                0x00000100       0x20 src\set_sys_clock.o
 .debug_aranges
                0x00000120       0x28 src\startup_stm32l152xe.o
 .debug_aranges
                0x00000148       0x28 src\system_stm32l1xx.o

.debug_ranges   0x00000000      0x118
 .debug_ranges  0x00000000       0x20 src\delay.o
 .debug_ranges  0x00000020       0x10 src\dht22.o
 .debug_ranges  0x00000030       0xa0 src\main.o
 .debug_ranges  0x000000d0       0x10 src\set_sys_clock.o
 .debug_ranges  0x000000e0       0x20 src\startup_stm32l152xe.o
 .debug_ranges  0x00000100       0x18 src\system_stm32l1xx.o

.debug_line     0x00000000      0xf29
 .debug_line    0x00000000      0x291 src\delay.o
 .debug_line    0x00000291      0x29e src\dht22.o
 .debug_line    0x0000052f      0x532 src\main.o
 .debug_line    0x00000a61      0x270 src\set_sys_clock.o
 .debug_line    0x00000cd1       0x79 src\startup_stm32l152xe.o
 .debug_line    0x00000d4a      0x1df src\system_stm32l1xx.o

.debug_str      0x00000000      0xea6
 .debug_str     0x00000000      0x664 src\delay.o
                                0x6fb (size before relaxing)
 .debug_str     0x00000664       0x93 src\dht22.o
                                0x71d (size before relaxing)
 .debug_str     0x000006f7      0x677 src\main.o
                                0xd5a (size before relaxing)
 .debug_str     0x00000d6e       0x88 src\set_sys_clock.o
                                0x6fd (size before relaxing)
 .debug_str     0x00000df6       0xb0 src\system_stm32l1xx.o
                                0x302 (size before relaxing)

.comment        0x00000000       0x7c
 .comment       0x00000000       0x7c src\delay.o
                                 0x7d (size before relaxing)
 .comment       0x0000007c       0x7d src\dht22.o
 .comment       0x0000007c       0x7d src\main.o
 .comment       0x0000007c       0x7d src\set_sys_clock.o
 .comment       0x0000007c       0x7d src\system_stm32l1xx.o

.debug_frame    0x00000000      0x43c
 .debug_frame   0x00000000       0x88 src\delay.o
 .debug_frame   0x00000088       0x34 src\dht22.o
 .debug_frame   0x000000bc      0x2c4 src\main.o
 .debug_frame   0x00000380       0x38 src\set_sys_clock.o
 .debug_frame   0x000003b8       0x58 src\system_stm32l1xx.o
 .debug_frame   0x00000410       0x2c e:/program files (x86)/atollic/truestudio for stm32 9.0.1/armtools/bin/../lib/gcc/arm-atollic-eabi/6.3.1/../../../../arm-atollic-eabi/lib/armv7-m\libc_nano.a(lib_a-init.o)

Cross Reference Table

Symbol                                            File
ADC1_IRQHandler                                   src\startup_stm32l152xe.o
AHBPrescTable                                     src\system_stm32l1xx.o
APBPrescTable                                     src\system_stm32l1xx.o
BusFault_Handler                                  src\startup_stm32l152xe.o
COMP_ACQ_IRQHandler                               src\startup_stm32l152xe.o
COMP_IRQHandler                                   src\startup_stm32l152xe.o
CRC16                                             src\main.o
DAC_IRQHandler                                    src\startup_stm32l152xe.o
DMA1_Channel1_IRQHandler                          src\startup_stm32l152xe.o
DMA1_Channel2_IRQHandler                          src\startup_stm32l152xe.o
DMA1_Channel3_IRQHandler                          src\startup_stm32l152xe.o
DMA1_Channel4_IRQHandler                          src\startup_stm32l152xe.o
DMA1_Channel5_IRQHandler                          src\startup_stm32l152xe.o
DMA1_Channel6_IRQHandler                          src\startup_stm32l152xe.o
DMA1_Channel7_IRQHandler                          src\startup_stm32l152xe.o
DMA2_Channel1_IRQHandler                          src\startup_stm32l152xe.o
DMA2_Channel2_IRQHandler                          src\startup_stm32l152xe.o
DMA2_Channel3_IRQHandler                          src\startup_stm32l152xe.o
DMA2_Channel4_IRQHandler                          src\startup_stm32l152xe.o
DMA2_Channel5_IRQHandler                          src\startup_stm32l152xe.o
DebugMon_Handler                                  src\startup_stm32l152xe.o
Default_Handler                                   src\startup_stm32l152xe.o
EXTI0_IRQHandler                                  src\startup_stm32l152xe.o
EXTI15_10_IRQHandler                              src\startup_stm32l152xe.o
EXTI1_IRQHandler                                  src\startup_stm32l152xe.o
EXTI2_IRQHandler                                  src\startup_stm32l152xe.o
EXTI3_IRQHandler                                  src\startup_stm32l152xe.o
EXTI4_IRQHandler                                  src\startup_stm32l152xe.o
EXTI9_5_IRQHandler                                src\startup_stm32l152xe.o
FLASH_IRQHandler                                  src\startup_stm32l152xe.o
HardFault_Handler                                 src\startup_stm32l152xe.o
I2C1_ER_IRQHandler                                src\startup_stm32l152xe.o
I2C1_EV_IRQHandler                                src\startup_stm32l152xe.o
I2C2_ER_IRQHandler                                src\startup_stm32l152xe.o
I2C2_EV_IRQHandler                                src\startup_stm32l152xe.o
LCD_IRQHandler                                    src\startup_stm32l152xe.o
LED_Init                                          src\main.o
MemManage_Handler                                 src\startup_stm32l152xe.o
NMI_Handler                                       src\startup_stm32l152xe.o
PLLMulTable                                       src\system_stm32l1xx.o
PVD_IRQHandler                                    src\startup_stm32l152xe.o
PendSV_Handler                                    src\startup_stm32l152xe.o
RCC_IRQHandler                                    src\startup_stm32l152xe.o
RTC_Alarm_IRQHandler                              src\startup_stm32l152xe.o
RTC_WKUP_IRQHandler                               src\startup_stm32l152xe.o
Reset_Handler                                     src\startup_stm32l152xe.o
SPI1_IRQHandler                                   src\startup_stm32l152xe.o
SPI2_IRQHandler                                   src\startup_stm32l152xe.o
SPI3_IRQHandler                                   src\startup_stm32l152xe.o
SVC_Handler                                       src\startup_stm32l152xe.o
SetSysClock                                       src\set_sys_clock.o
                                                  src\main.o
SysTick_Handler                                   src\startup_stm32l152xe.o
SystemCoreClock                                   src\system_stm32l1xx.o
SystemCoreClockUpdate                             src\system_stm32l1xx.o
                                                  src\main.o
SystemInit                                        src\system_stm32l1xx.o
                                                  src\startup_stm32l152xe.o
TAMPER_STAMP_IRQHandler                           src\startup_stm32l152xe.o
TIM10_IRQHandler                                  src\startup_stm32l152xe.o
TIM11_IRQHandler                                  src\startup_stm32l152xe.o
TIM2_IRQHandler                                   src\startup_stm32l152xe.o
TIM3_IRQHandler                                   src\startup_stm32l152xe.o
TIM4_IRQHandler                                   src\startup_stm32l152xe.o
TIM5_IRQHandler                                   src\startup_stm32l152xe.o
TIM6_IRQHandler                                   src\startup_stm32l152xe.o
TIM7_IRQHandler                                   src\startup_stm32l152xe.o
TIM9_IRQHandler                                   src\startup_stm32l152xe.o
UART4_IRQHandler                                  src\startup_stm32l152xe.o
UART5_IRQHandler                                  src\startup_stm32l152xe.o
USART1_IRQHandler                                 src\main.o
USART1_Init                                       src\main.o
USART1_read                                       src\main.o
USART1_write                                      src\main.o
USART2_IRQHandler                                 src\startup_stm32l152xe.o
USART2_Init                                       src\main.o
USART2_read                                       src\main.o
USART2_write                                      src\main.o
USART3_IRQHandler                                 src\startup_stm32l152xe.o
USB_FS_WKUP_IRQHandler                            src\startup_stm32l152xe.o
USB_HP_IRQHandler                                 src\startup_stm32l152xe.o
USB_LP_IRQHandler                                 src\startup_stm32l152xe.o
UsageFault_Handler                                src\startup_stm32l152xe.o
WWDG_IRQHandler                                   src\startup_stm32l152xe.o
__deregister_frame_info                           e:/program files (x86)/atollic/truestudio for stm32 9.0.1/armtools/bin/../lib/gcc/arm-atollic-eabi/6.3.1/armv7-m/crtbegin.o
__dso_handle                                      e:/program files (x86)/atollic/truestudio for stm32 9.0.1/armtools/bin/../lib/gcc/arm-atollic-eabi/6.3.1/armv7-m/crtbegin.o
__env                                             src\syscalls.o
__init_array_end                                  e:/program files (x86)/atollic/truestudio for stm32 9.0.1/armtools/bin/../lib/gcc/arm-atollic-eabi/6.3.1/../../../../arm-atollic-eabi/lib/armv7-m\libc_nano.a(lib_a-init.o)
__init_array_start                                e:/program files (x86)/atollic/truestudio for stm32 9.0.1/armtools/bin/../lib/gcc/arm-atollic-eabi/6.3.1/../../../../arm-atollic-eabi/lib/armv7-m\libc_nano.a(lib_a-init.o)
__libc_init_array                                 e:/program files (x86)/atollic/truestudio for stm32 9.0.1/armtools/bin/../lib/gcc/arm-atollic-eabi/6.3.1/../../../../arm-atollic-eabi/lib/armv7-m\libc_nano.a(lib_a-init.o)
                                                  src\startup_stm32l152xe.o
__malloc_free_list                                e:/program files (x86)/atollic/truestudio for stm32 9.0.1/armtools/bin/../lib/gcc/arm-atollic-eabi/6.3.1/../../../../arm-atollic-eabi/lib/armv7-m\libc_nano.a(lib_a-nano-mallocr.o)
                                                  e:/program files (x86)/atollic/truestudio for stm32 9.0.1/armtools/bin/../lib/gcc/arm-atollic-eabi/6.3.1/../../../../arm-atollic-eabi/lib/armv7-m\libc_nano.a(lib_a-nano-freer.o)
__malloc_lock                                     e:/program files (x86)/atollic/truestudio for stm32 9.0.1/armtools/bin/../lib/gcc/arm-atollic-eabi/6.3.1/../../../../arm-atollic-eabi/lib/armv7-m\libc_nano.a(lib_a-mlock.o)
                                                  e:/program files (x86)/atollic/truestudio for stm32 9.0.1/armtools/bin/../lib/gcc/arm-atollic-eabi/6.3.1/../../../../arm-atollic-eabi/lib/armv7-m\libc_nano.a(lib_a-nano-mallocr.o)
                                                  e:/program files (x86)/atollic/truestudio for stm32 9.0.1/armtools/bin/../lib/gcc/arm-atollic-eabi/6.3.1/../../../../arm-atollic-eabi/lib/armv7-m\libc_nano.a(lib_a-nano-freer.o)
__malloc_sbrk_start                               e:/program files (x86)/atollic/truestudio for stm32 9.0.1/armtools/bin/../lib/gcc/arm-atollic-eabi/6.3.1/../../../../arm-atollic-eabi/lib/armv7-m\libc_nano.a(lib_a-nano-mallocr.o)
__malloc_unlock                                   e:/program files (x86)/atollic/truestudio for stm32 9.0.1/armtools/bin/../lib/gcc/arm-atollic-eabi/6.3.1/../../../../arm-atollic-eabi/lib/armv7-m\libc_nano.a(lib_a-mlock.o)
                                                  e:/program files (x86)/atollic/truestudio for stm32 9.0.1/armtools/bin/../lib/gcc/arm-atollic-eabi/6.3.1/../../../../arm-atollic-eabi/lib/armv7-m\libc_nano.a(lib_a-nano-mallocr.o)
                                                  e:/program files (x86)/atollic/truestudio for stm32 9.0.1/armtools/bin/../lib/gcc/arm-atollic-eabi/6.3.1/../../../../arm-atollic-eabi/lib/armv7-m\libc_nano.a(lib_a-nano-freer.o)
__preinit_array_end                               e:/program files (x86)/atollic/truestudio for stm32 9.0.1/armtools/bin/../lib/gcc/arm-atollic-eabi/6.3.1/../../../../arm-atollic-eabi/lib/armv7-m\libc_nano.a(lib_a-init.o)
__preinit_array_start                             e:/program files (x86)/atollic/truestudio for stm32 9.0.1/armtools/bin/../lib/gcc/arm-atollic-eabi/6.3.1/../../../../arm-atollic-eabi/lib/armv7-m\libc_nano.a(lib_a-init.o)
__register_frame_info                             e:/program files (x86)/atollic/truestudio for stm32 9.0.1/armtools/bin/../lib/gcc/arm-atollic-eabi/6.3.1/armv7-m/crtbegin.o
__sf_fake_stderr                                  e:/program files (x86)/atollic/truestudio for stm32 9.0.1/armtools/bin/../lib/gcc/arm-atollic-eabi/6.3.1/../../../../arm-atollic-eabi/lib/armv7-m\libc_nano.a(lib_a-impure.o)
__sf_fake_stdin                                   e:/program files (x86)/atollic/truestudio for stm32 9.0.1/armtools/bin/../lib/gcc/arm-atollic-eabi/6.3.1/../../../../arm-atollic-eabi/lib/armv7-m\libc_nano.a(lib_a-impure.o)
__sf_fake_stdout                                  e:/program files (x86)/atollic/truestudio for stm32 9.0.1/armtools/bin/../lib/gcc/arm-atollic-eabi/6.3.1/../../../../arm-atollic-eabi/lib/armv7-m\libc_nano.a(lib_a-impure.o)
_close                                            src\syscalls.o
_ebss                                             src\startup_stm32l152xe.o
_edata                                            src\startup_stm32l152xe.o
_estack                                           src\startup_stm32l152xe.o
_execve                                           src\syscalls.o
_exit                                             src\syscalls.o
_fini                                             e:/program files (x86)/atollic/truestudio for stm32 9.0.1/armtools/bin/../lib/gcc/arm-atollic-eabi/6.3.1/armv7-m/crti.o
_fork                                             src\syscalls.o
_free_r                                           e:/program files (x86)/atollic/truestudio for stm32 9.0.1/armtools/bin/../lib/gcc/arm-atollic-eabi/6.3.1/../../../../arm-atollic-eabi/lib/armv7-m\libc_nano.a(lib_a-nano-freer.o)
                                                  e:/program files (x86)/atollic/truestudio for stm32 9.0.1/armtools/bin/../lib/gcc/arm-atollic-eabi/6.3.1/../../../../arm-atollic-eabi/lib/armv7-m\libc_nano.a(lib_a-reent.o)
_fstat                                            src\syscalls.o
_getpid                                           src\syscalls.o
_gettimeofday                                     src\syscalls.o
_global_impure_ptr                                e:/program files (x86)/atollic/truestudio for stm32 9.0.1/armtools/bin/../lib/gcc/arm-atollic-eabi/6.3.1/../../../../arm-atollic-eabi/lib/armv7-m\libc_nano.a(lib_a-impure.o)
_impure_ptr                                       e:/program files (x86)/atollic/truestudio for stm32 9.0.1/armtools/bin/../lib/gcc/arm-atollic-eabi/6.3.1/../../../../arm-atollic-eabi/lib/armv7-m\libc_nano.a(lib_a-impure.o)
                                                  e:/program files (x86)/atollic/truestudio for stm32 9.0.1/armtools/bin/../lib/gcc/arm-atollic-eabi/6.3.1/../../../../arm-atollic-eabi/lib/armv7-m\libc_nano.a(lib_a-reent.o)
_init                                             e:/program files (x86)/atollic/truestudio for stm32 9.0.1/armtools/bin/../lib/gcc/arm-atollic-eabi/6.3.1/armv7-m/crti.o
                                                  e:/program files (x86)/atollic/truestudio for stm32 9.0.1/armtools/bin/../lib/gcc/arm-atollic-eabi/6.3.1/../../../../arm-atollic-eabi/lib/armv7-m\libc_nano.a(lib_a-init.o)
_isatty                                           src\syscalls.o
_kill                                             src\syscalls.o
_link                                             src\syscalls.o
_lseek                                            src\syscalls.o
_malloc_r                                         e:/program files (x86)/atollic/truestudio for stm32 9.0.1/armtools/bin/../lib/gcc/arm-atollic-eabi/6.3.1/../../../../arm-atollic-eabi/lib/armv7-m\libc_nano.a(lib_a-nano-mallocr.o)
_open                                             src\syscalls.o
_read                                             src\syscalls.o
_readlink                                         src\syscalls.o
_reclaim_reent                                    e:/program files (x86)/atollic/truestudio for stm32 9.0.1/armtools/bin/../lib/gcc/arm-atollic-eabi/6.3.1/../../../../arm-atollic-eabi/lib/armv7-m\libc_nano.a(lib_a-reent.o)
_sbrk                                             src\syscalls.o
                                                  e:/program files (x86)/atollic/truestudio for stm32 9.0.1/armtools/bin/../lib/gcc/arm-atollic-eabi/6.3.1/../../../../arm-atollic-eabi/lib/armv7-m\libc_nano.a(lib_a-sbrkr.o)
_sbrk_r                                           e:/program files (x86)/atollic/truestudio for stm32 9.0.1/armtools/bin/../lib/gcc/arm-atollic-eabi/6.3.1/../../../../arm-atollic-eabi/lib/armv7-m\libc_nano.a(lib_a-sbrkr.o)
                                                  e:/program files (x86)/atollic/truestudio for stm32 9.0.1/armtools/bin/../lib/gcc/arm-atollic-eabi/6.3.1/../../../../arm-atollic-eabi/lib/armv7-m\libc_nano.a(lib_a-nano-mallocr.o)
_sbss                                             src\startup_stm32l152xe.o
_sdata                                            src\startup_stm32l152xe.o
_sidata                                           src\startup_stm32l152xe.o
_stat                                             src\syscalls.o
_symlink                                          src\syscalls.o
_times                                            src\syscalls.o
_unlink                                           src\syscalls.o
_wait                                             src\syscalls.o
_write                                            src\syscalls.o
                                                  src\tiny_printf.o
blink_led                                         src\main.o
bytestr                                           src\main.o
cleanup_glue                                      e:/program files (x86)/atollic/truestudio for stm32 9.0.1/armtools/bin/../lib/gcc/arm-atollic-eabi/6.3.1/../../../../arm-atollic-eabi/lib/armv7-m\libc_nano.a(lib_a-reent.o)
clear_buffer                                      src\main.o
delay_Ms                                          src\delay.o
                                                  src\main.o
                                                  src\dht22.o
delay_Us                                          src\delay.o
                                                  src\dht22.o
delay_us                                          src\delay.o
end                                               src\syscalls.o
environ                                           src\syscalls.o
errno                                             e:/program files (x86)/atollic/truestudio for stm32 9.0.1/armtools/bin/../lib/gcc/arm-atollic-eabi/6.3.1/../../../../arm-atollic-eabi/lib/armv7-m\libc_nano.a(lib_a-reent.o)
                                                  e:/program files (x86)/atollic/truestudio for stm32 9.0.1/armtools/bin/../lib/gcc/arm-atollic-eabi/6.3.1/../../../../arm-atollic-eabi/lib/armv7-m\libc_nano.a(lib_a-sbrkr.o)
                                                  src\syscalls.o
fiprintf                                          src\tiny_printf.o
fprintf                                           src\tiny_printf.o
fputs                                             src\tiny_printf.o
frameFlag                                         src\main.o
fwrite                                            src\tiny_printf.o
g_pfnVectors                                      src\startup_stm32l152xe.o
initialise_monitor_handles                        src\syscalls.o
iprintf                                           src\tiny_printf.o
led_value                                         src\main.o
mFlag                                             src\main.o
main                                              src\main.o
                                                  src\startup_stm32l152xe.o
neFlag                                            src\main.o
printf                                            src\tiny_printf.o
puts                                              src\tiny_printf.o
read_7_bytes_from_usartx                          src\main.o
read_dht22_humidity_and_temperature               src\dht22.o
                                                  src\main.o
read_sensor                                       src\main.o
respond_frame                                     src\main.o
siprintf                                          src\tiny_printf.o
sprintf                                           src\tiny_printf.o
strlen                                            e:/program files (x86)/atollic/truestudio for stm32 9.0.1/armtools/bin/../lib/gcc/arm-atollic-eabi/6.3.1/../../../../arm-atollic-eabi/lib/armv7-m\libc_nano.a(lib_a-strlen.o)
                                                  src\tiny_printf.o
ts_formatlength                                   src\tiny_printf.o
ts_formatstring                                   src\tiny_printf.o
ts_itoa                                           src\tiny_printf.o
write_debug_frame                                 src\main.o
write_debug_msg                                   src\main.o
wrong_slave_address                               src\main.o
