Archive member included to satisfy reference by file (symbol)

e:/program files (x86)/atollic/truestudio for stm32 9.0.1/armtools/bin/../lib/gcc/arm-atollic-eabi/6.3.1/../../../../arm-atollic-eabi/lib/armv7-m\libc_nano.a(lib_a-init.o)
                              src\startup_stm32l152xe.o (__libc_init_array)
e:/program files (x86)/atollic/truestudio for stm32 9.0.1/armtools/bin/../lib/gcc/arm-atollic-eabi/6.3.1/../../../../arm-atollic-eabi/lib/armv7-m\libc_nano.a(lib_a-reent.o)
                              src\syscalls.o (errno)
e:/program files (x86)/atollic/truestudio for stm32 9.0.1/armtools/bin/../lib/gcc/arm-atollic-eabi/6.3.1/../../../../arm-atollic-eabi/lib/armv7-m\libc_nano.a(lib_a-strlen.o)
                              src\tiny_printf.o (strlen)
e:/program files (x86)/atollic/truestudio for stm32 9.0.1/armtools/bin/../lib/gcc/arm-atollic-eabi/6.3.1/../../../../arm-atollic-eabi/lib/armv7-m\libc_nano.a(lib_a-impure.o)
                              e:/program files (x86)/atollic/truestudio for stm32 9.0.1/armtools/bin/../lib/gcc/arm-atollic-eabi/6.3.1/../../../../arm-atollic-eabi/lib/armv7-m\libc_nano.a(lib_a-reent.o) (_impure_ptr)
e:/program files (x86)/atollic/truestudio for stm32 9.0.1/armtools/bin/../lib/gcc/arm-atollic-eabi/6.3.1/../../../../arm-atollic-eabi/lib/armv7-m\libc_nano.a(lib_a-nano-freer.o)
                              e:/program files (x86)/atollic/truestudio for stm32 9.0.1/armtools/bin/../lib/gcc/arm-atollic-eabi/6.3.1/../../../../arm-atollic-eabi/lib/armv7-m\libc_nano.a(lib_a-reent.o) (_free_r)
e:/program files (x86)/atollic/truestudio for stm32 9.0.1/armtools/bin/../lib/gcc/arm-atollic-eabi/6.3.1/../../../../arm-atollic-eabi/lib/armv7-m\libc_nano.a(lib_a-nano-mallocr.o)
                              e:/program files (x86)/atollic/truestudio for stm32 9.0.1/armtools/bin/../lib/gcc/arm-atollic-eabi/6.3.1/../../../../arm-atollic-eabi/lib/armv7-m\libc_nano.a(lib_a-nano-freer.o) (__malloc_free_list)
e:/program files (x86)/atollic/truestudio for stm32 9.0.1/armtools/bin/../lib/gcc/arm-atollic-eabi/6.3.1/../../../../arm-atollic-eabi/lib/armv7-m\libc_nano.a(lib_a-sbrkr.o)
                              e:/program files (x86)/atollic/truestudio for stm32 9.0.1/armtools/bin/../lib/gcc/arm-atollic-eabi/6.3.1/../../../../arm-atollic-eabi/lib/armv7-m\libc_nano.a(lib_a-nano-mallocr.o) (_sbrk_r)
e:/program files (x86)/atollic/truestudio for stm32 9.0.1/armtools/bin/../lib/gcc/arm-atollic-eabi/6.3.1/../../../../arm-atollic-eabi/lib/armv7-m\libc_nano.a(lib_a-mlock.o)
                              e:/program files (x86)/atollic/truestudio for stm32 9.0.1/armtools/bin/../lib/gcc/arm-atollic-eabi/6.3.1/../../../../arm-atollic-eabi/lib/armv7-m\libc_nano.a(lib_a-nano-freer.o) (__malloc_lock)
e:/program files (x86)/atollic/truestudio for stm32 9.0.1/armtools/bin/../lib/gcc/arm-atollic-eabi/6.3.1/armv7-m\libgcc.a(_arm_muldivsf3.o)
                              src\main.o (__aeabi_fmul)
e:/program files (x86)/atollic/truestudio for stm32 9.0.1/armtools/bin/../lib/gcc/arm-atollic-eabi/6.3.1/armv7-m\libgcc.a(_arm_fixsfsi.o)
                              src\main.o (__aeabi_f2iz)

Allocating common symbols
Common symbol       size              file

errno               0x4               e:/program files (x86)/atollic/truestudio for stm32 9.0.1/armtools/bin/../lib/gcc/arm-atollic-eabi/6.3.1/../../../../arm-atollic-eabi/lib/armv7-m\libc_nano.a(lib_a-reent.o)

Discarded input sections

 .text          0x00000000        0x0 e:/program files (x86)/atollic/truestudio for stm32 9.0.1/armtools/bin/../lib/gcc/arm-atollic-eabi/6.3.1/armv7-m/crti.o
 .data          0x00000000        0x0 e:/program files (x86)/atollic/truestudio for stm32 9.0.1/armtools/bin/../lib/gcc/arm-atollic-eabi/6.3.1/armv7-m/crti.o
 .bss           0x00000000        0x0 e:/program files (x86)/atollic/truestudio for stm32 9.0.1/armtools/bin/../lib/gcc/arm-atollic-eabi/6.3.1/armv7-m/crti.o
 .data          0x00000000        0x4 e:/program files (x86)/atollic/truestudio for stm32 9.0.1/armtools/bin/../lib/gcc/arm-atollic-eabi/6.3.1/armv7-m/crtbegin.o
 .text          0x00000000        0x0 src\main.o
 .data          0x00000000        0x0 src\main.o
 .bss           0x00000000        0x0 src\main.o
 .text          0x00000000       0x14 src\startup_stm32l152xe.o
 .data          0x00000000        0x0 src\startup_stm32l152xe.o
 .bss           0x00000000        0x0 src\startup_stm32l152xe.o
 .text          0x00000000        0x0 src\syscalls.o
 .data          0x00000000        0x0 src\syscalls.o
 .bss           0x00000000        0x0 src\syscalls.o
 .bss.__env     0x00000000        0x4 src\syscalls.o
 .data.environ  0x00000000        0x4 src\syscalls.o
 .text.initialise_monitor_handles
                0x00000000        0xc src\syscalls.o
 .text._getpid  0x00000000       0x1c src\syscalls.o
 .text._gettimeofday
                0x00000000       0x24 src\syscalls.o
 .text._kill    0x00000000       0x24 src\syscalls.o
 .text._exit    0x00000000        0xa src\syscalls.o
 .text._write   0x00000000       0x24 src\syscalls.o
 .text._sbrk    0x00000000       0x3c src\syscalls.o
 .text._close   0x00000000       0x20 src\syscalls.o
 .text._fstat   0x00000000       0x24 src\syscalls.o
 .text._isatty  0x00000000       0x20 src\syscalls.o
 .text._lseek   0x00000000       0x24 src\syscalls.o
 .text._read    0x00000000       0x24 src\syscalls.o
 .text._readlink
                0x00000000       0x24 src\syscalls.o
 .text._open    0x00000000       0x24 src\syscalls.o
 .text._wait    0x00000000       0x20 src\syscalls.o
 .text._unlink  0x00000000       0x20 src\syscalls.o
 .text._times   0x00000000       0x20 src\syscalls.o
 .text._stat    0x00000000       0x24 src\syscalls.o
 .text._symlink
                0x00000000       0x24 src\syscalls.o
 .text._link    0x00000000       0x24 src\syscalls.o
 .text._fork    0x00000000       0x1c src\syscalls.o
 .text._execve  0x00000000       0x24 src\syscalls.o
 .bss.heap_end.5889
                0x00000000        0x4 src\syscalls.o
 .debug_info    0x00000000     0x103c src\syscalls.o
 .debug_abbrev  0x00000000      0x225 src\syscalls.o
 .debug_aranges
                0x00000000       0xc8 src\syscalls.o
 .debug_ranges  0x00000000       0xb8 src\syscalls.o
 .debug_line    0x00000000      0x3fb src\syscalls.o
 .debug_str     0x00000000      0x8c1 src\syscalls.o
 .comment       0x00000000       0x7d src\syscalls.o
 .debug_frame   0x00000000      0x35c src\syscalls.o
 .ARM.attributes
                0x00000000       0x33 src\syscalls.o
 .text          0x00000000        0x0 src\system_stm32l1xx.o
 .data          0x00000000        0x0 src\system_stm32l1xx.o
 .bss           0x00000000        0x0 src\system_stm32l1xx.o
 .rodata.APBPrescTable
                0x00000000        0x8 src\system_stm32l1xx.o
 .text          0x00000000        0x0 src\tiny_printf.o
 .data          0x00000000        0x0 src\tiny_printf.o
 .bss           0x00000000        0x0 src\tiny_printf.o
 .text.ts_formatlength
                0x00000000      0x12c src\tiny_printf.o
 .text.fiprintf
                0x00000000       0x9a src\tiny_printf.o
 .text.iprintf  0x00000000       0x92 src\tiny_printf.o
 .rodata        0x00000000        0x2 src\tiny_printf.o
 .text.fputs    0x00000000       0x68 src\tiny_printf.o
 .text.puts     0x00000000       0x58 src\tiny_printf.o
 .text.fwrite   0x00000000       0x38 src\tiny_printf.o
 .text          0x00000000        0x0 e:/program files (x86)/atollic/truestudio for stm32 9.0.1/armtools/bin/../lib/gcc/arm-atollic-eabi/6.3.1/../../../../arm-atollic-eabi/lib/armv7-m\libc_nano.a(lib_a-init.o)
 .data          0x00000000        0x0 e:/program files (x86)/atollic/truestudio for stm32 9.0.1/armtools/bin/../lib/gcc/arm-atollic-eabi/6.3.1/../../../../arm-atollic-eabi/lib/armv7-m\libc_nano.a(lib_a-init.o)
 .bss           0x00000000        0x0 e:/program files (x86)/atollic/truestudio for stm32 9.0.1/armtools/bin/../lib/gcc/arm-atollic-eabi/6.3.1/../../../../arm-atollic-eabi/lib/armv7-m\libc_nano.a(lib_a-init.o)
 .text          0x00000000        0x0 e:/program files (x86)/atollic/truestudio for stm32 9.0.1/armtools/bin/../lib/gcc/arm-atollic-eabi/6.3.1/../../../../arm-atollic-eabi/lib/armv7-m\libc_nano.a(lib_a-reent.o)
 .data          0x00000000        0x0 e:/program files (x86)/atollic/truestudio for stm32 9.0.1/armtools/bin/../lib/gcc/arm-atollic-eabi/6.3.1/../../../../arm-atollic-eabi/lib/armv7-m\libc_nano.a(lib_a-reent.o)
 .bss           0x00000000        0x0 e:/program files (x86)/atollic/truestudio for stm32 9.0.1/armtools/bin/../lib/gcc/arm-atollic-eabi/6.3.1/../../../../arm-atollic-eabi/lib/armv7-m\libc_nano.a(lib_a-reent.o)
 .text.cleanup_glue
                0x00000000       0x1a e:/program files (x86)/atollic/truestudio for stm32 9.0.1/armtools/bin/../lib/gcc/arm-atollic-eabi/6.3.1/../../../../arm-atollic-eabi/lib/armv7-m\libc_nano.a(lib_a-reent.o)
 .text._reclaim_reent
                0x00000000       0xb8 e:/program files (x86)/atollic/truestudio for stm32 9.0.1/armtools/bin/../lib/gcc/arm-atollic-eabi/6.3.1/../../../../arm-atollic-eabi/lib/armv7-m\libc_nano.a(lib_a-reent.o)
 .debug_frame   0x00000000       0x5c e:/program files (x86)/atollic/truestudio for stm32 9.0.1/armtools/bin/../lib/gcc/arm-atollic-eabi/6.3.1/../../../../arm-atollic-eabi/lib/armv7-m\libc_nano.a(lib_a-reent.o)
 .ARM.attributes
                0x00000000       0x2d e:/program files (x86)/atollic/truestudio for stm32 9.0.1/armtools/bin/../lib/gcc/arm-atollic-eabi/6.3.1/../../../../arm-atollic-eabi/lib/armv7-m\libc_nano.a(lib_a-reent.o)
 COMMON         0x00000000        0x4 e:/program files (x86)/atollic/truestudio for stm32 9.0.1/armtools/bin/../lib/gcc/arm-atollic-eabi/6.3.1/../../../../arm-atollic-eabi/lib/armv7-m\libc_nano.a(lib_a-reent.o)
 .text          0x00000000       0x10 e:/program files (x86)/atollic/truestudio for stm32 9.0.1/armtools/bin/../lib/gcc/arm-atollic-eabi/6.3.1/../../../../arm-atollic-eabi/lib/armv7-m\libc_nano.a(lib_a-strlen.o)
 .data          0x00000000        0x0 e:/program files (x86)/atollic/truestudio for stm32 9.0.1/armtools/bin/../lib/gcc/arm-atollic-eabi/6.3.1/../../../../arm-atollic-eabi/lib/armv7-m\libc_nano.a(lib_a-strlen.o)
 .bss           0x00000000        0x0 e:/program files (x86)/atollic/truestudio for stm32 9.0.1/armtools/bin/../lib/gcc/arm-atollic-eabi/6.3.1/../../../../arm-atollic-eabi/lib/armv7-m\libc_nano.a(lib_a-strlen.o)
 .ARM.attributes
                0x00000000       0x17 e:/program files (x86)/atollic/truestudio for stm32 9.0.1/armtools/bin/../lib/gcc/arm-atollic-eabi/6.3.1/../../../../arm-atollic-eabi/lib/armv7-m\libc_nano.a(lib_a-strlen.o)
 .text          0x00000000        0x0 e:/program files (x86)/atollic/truestudio for stm32 9.0.1/armtools/bin/../lib/gcc/arm-atollic-eabi/6.3.1/../../../../arm-atollic-eabi/lib/armv7-m\libc_nano.a(lib_a-impure.o)
 .data          0x00000000        0x0 e:/program files (x86)/atollic/truestudio for stm32 9.0.1/armtools/bin/../lib/gcc/arm-atollic-eabi/6.3.1/../../../../arm-atollic-eabi/lib/armv7-m\libc_nano.a(lib_a-impure.o)
 .bss           0x00000000        0x0 e:/program files (x86)/atollic/truestudio for stm32 9.0.1/armtools/bin/../lib/gcc/arm-atollic-eabi/6.3.1/../../../../arm-atollic-eabi/lib/armv7-m\libc_nano.a(lib_a-impure.o)
 .data._impure_ptr
                0x00000000        0x4 e:/program files (x86)/atollic/truestudio for stm32 9.0.1/armtools/bin/../lib/gcc/arm-atollic-eabi/6.3.1/../../../../arm-atollic-eabi/lib/armv7-m\libc_nano.a(lib_a-impure.o)
 .data.impure_data
                0x00000000       0x60 e:/program files (x86)/atollic/truestudio for stm32 9.0.1/armtools/bin/../lib/gcc/arm-atollic-eabi/6.3.1/../../../../arm-atollic-eabi/lib/armv7-m\libc_nano.a(lib_a-impure.o)
 .rodata._global_impure_ptr
                0x00000000        0x4 e:/program files (x86)/atollic/truestudio for stm32 9.0.1/armtools/bin/../lib/gcc/arm-atollic-eabi/6.3.1/../../../../arm-atollic-eabi/lib/armv7-m\libc_nano.a(lib_a-impure.o)
 .ARM.attributes
                0x00000000       0x2d e:/program files (x86)/atollic/truestudio for stm32 9.0.1/armtools/bin/../lib/gcc/arm-atollic-eabi/6.3.1/../../../../arm-atollic-eabi/lib/armv7-m\libc_nano.a(lib_a-impure.o)
 .text          0x00000000        0x0 e:/program files (x86)/atollic/truestudio for stm32 9.0.1/armtools/bin/../lib/gcc/arm-atollic-eabi/6.3.1/../../../../arm-atollic-eabi/lib/armv7-m\libc_nano.a(lib_a-nano-freer.o)
 .data          0x00000000        0x0 e:/program files (x86)/atollic/truestudio for stm32 9.0.1/armtools/bin/../lib/gcc/arm-atollic-eabi/6.3.1/../../../../arm-atollic-eabi/lib/armv7-m\libc_nano.a(lib_a-nano-freer.o)
 .bss           0x00000000        0x0 e:/program files (x86)/atollic/truestudio for stm32 9.0.1/armtools/bin/../lib/gcc/arm-atollic-eabi/6.3.1/../../../../arm-atollic-eabi/lib/armv7-m\libc_nano.a(lib_a-nano-freer.o)
 .text._free_r  0x00000000       0x98 e:/program files (x86)/atollic/truestudio for stm32 9.0.1/armtools/bin/../lib/gcc/arm-atollic-eabi/6.3.1/../../../../arm-atollic-eabi/lib/armv7-m\libc_nano.a(lib_a-nano-freer.o)
 .debug_frame   0x00000000       0x38 e:/program files (x86)/atollic/truestudio for stm32 9.0.1/armtools/bin/../lib/gcc/arm-atollic-eabi/6.3.1/../../../../arm-atollic-eabi/lib/armv7-m\libc_nano.a(lib_a-nano-freer.o)
 .ARM.attributes
                0x00000000       0x2d e:/program files (x86)/atollic/truestudio for stm32 9.0.1/armtools/bin/../lib/gcc/arm-atollic-eabi/6.3.1/../../../../arm-atollic-eabi/lib/armv7-m\libc_nano.a(lib_a-nano-freer.o)
 .text          0x00000000        0x0 e:/program files (x86)/atollic/truestudio for stm32 9.0.1/armtools/bin/../lib/gcc/arm-atollic-eabi/6.3.1/../../../../arm-atollic-eabi/lib/armv7-m\libc_nano.a(lib_a-nano-mallocr.o)
 .data          0x00000000        0x0 e:/program files (x86)/atollic/truestudio for stm32 9.0.1/armtools/bin/../lib/gcc/arm-atollic-eabi/6.3.1/../../../../arm-atollic-eabi/lib/armv7-m\libc_nano.a(lib_a-nano-mallocr.o)
 .bss           0x00000000        0x0 e:/program files (x86)/atollic/truestudio for stm32 9.0.1/armtools/bin/../lib/gcc/arm-atollic-eabi/6.3.1/../../../../arm-atollic-eabi/lib/armv7-m\libc_nano.a(lib_a-nano-mallocr.o)
 .text._malloc_r
                0x00000000       0xbc e:/program files (x86)/atollic/truestudio for stm32 9.0.1/armtools/bin/../lib/gcc/arm-atollic-eabi/6.3.1/../../../../arm-atollic-eabi/lib/armv7-m\libc_nano.a(lib_a-nano-mallocr.o)
 .bss.__malloc_free_list
                0x00000000        0x4 e:/program files (x86)/atollic/truestudio for stm32 9.0.1/armtools/bin/../lib/gcc/arm-atollic-eabi/6.3.1/../../../../arm-atollic-eabi/lib/armv7-m\libc_nano.a(lib_a-nano-mallocr.o)
 .bss.__malloc_sbrk_start
                0x00000000        0x4 e:/program files (x86)/atollic/truestudio for stm32 9.0.1/armtools/bin/../lib/gcc/arm-atollic-eabi/6.3.1/../../../../arm-atollic-eabi/lib/armv7-m\libc_nano.a(lib_a-nano-mallocr.o)
 .debug_frame   0x00000000       0x2c e:/program files (x86)/atollic/truestudio for stm32 9.0.1/armtools/bin/../lib/gcc/arm-atollic-eabi/6.3.1/../../../../arm-atollic-eabi/lib/armv7-m\libc_nano.a(lib_a-nano-mallocr.o)
 .ARM.attributes
                0x00000000       0x2d e:/program files (x86)/atollic/truestudio for stm32 9.0.1/armtools/bin/../lib/gcc/arm-atollic-eabi/6.3.1/../../../../arm-atollic-eabi/lib/armv7-m\libc_nano.a(lib_a-nano-mallocr.o)
 .text          0x00000000        0x0 e:/program files (x86)/atollic/truestudio for stm32 9.0.1/armtools/bin/../lib/gcc/arm-atollic-eabi/6.3.1/../../../../arm-atollic-eabi/lib/armv7-m\libc_nano.a(lib_a-sbrkr.o)
 .data          0x00000000        0x0 e:/program files (x86)/atollic/truestudio for stm32 9.0.1/armtools/bin/../lib/gcc/arm-atollic-eabi/6.3.1/../../../../arm-atollic-eabi/lib/armv7-m\libc_nano.a(lib_a-sbrkr.o)
 .bss           0x00000000        0x0 e:/program files (x86)/atollic/truestudio for stm32 9.0.1/armtools/bin/../lib/gcc/arm-atollic-eabi/6.3.1/../../../../arm-atollic-eabi/lib/armv7-m\libc_nano.a(lib_a-sbrkr.o)
 .text._sbrk_r  0x00000000       0x20 e:/program files (x86)/atollic/truestudio for stm32 9.0.1/armtools/bin/../lib/gcc/arm-atollic-eabi/6.3.1/../../../../arm-atollic-eabi/lib/armv7-m\libc_nano.a(lib_a-sbrkr.o)
 .debug_frame   0x00000000       0x2c e:/program files (x86)/atollic/truestudio for stm32 9.0.1/armtools/bin/../lib/gcc/arm-atollic-eabi/6.3.1/../../../../arm-atollic-eabi/lib/armv7-m\libc_nano.a(lib_a-sbrkr.o)
 .ARM.attributes
                0x00000000       0x2d e:/program files (x86)/atollic/truestudio for stm32 9.0.1/armtools/bin/../lib/gcc/arm-atollic-eabi/6.3.1/../../../../arm-atollic-eabi/lib/armv7-m\libc_nano.a(lib_a-sbrkr.o)
 .text          0x00000000        0x0 e:/program files (x86)/atollic/truestudio for stm32 9.0.1/armtools/bin/../lib/gcc/arm-atollic-eabi/6.3.1/../../../../arm-atollic-eabi/lib/armv7-m\libc_nano.a(lib_a-mlock.o)
 .data          0x00000000        0x0 e:/program files (x86)/atollic/truestudio for stm32 9.0.1/armtools/bin/../lib/gcc/arm-atollic-eabi/6.3.1/../../../../arm-atollic-eabi/lib/armv7-m\libc_nano.a(lib_a-mlock.o)
 .bss           0x00000000        0x0 e:/program files (x86)/atollic/truestudio for stm32 9.0.1/armtools/bin/../lib/gcc/arm-atollic-eabi/6.3.1/../../../../arm-atollic-eabi/lib/armv7-m\libc_nano.a(lib_a-mlock.o)
 .text.__malloc_lock
                0x00000000        0x2 e:/program files (x86)/atollic/truestudio for stm32 9.0.1/armtools/bin/../lib/gcc/arm-atollic-eabi/6.3.1/../../../../arm-atollic-eabi/lib/armv7-m\libc_nano.a(lib_a-mlock.o)
 .text.__malloc_unlock
                0x00000000        0x2 e:/program files (x86)/atollic/truestudio for stm32 9.0.1/armtools/bin/../lib/gcc/arm-atollic-eabi/6.3.1/../../../../arm-atollic-eabi/lib/armv7-m\libc_nano.a(lib_a-mlock.o)
 .debug_frame   0x00000000       0x30 e:/program files (x86)/atollic/truestudio for stm32 9.0.1/armtools/bin/../lib/gcc/arm-atollic-eabi/6.3.1/../../../../arm-atollic-eabi/lib/armv7-m\libc_nano.a(lib_a-mlock.o)
 .ARM.attributes
                0x00000000       0x2d e:/program files (x86)/atollic/truestudio for stm32 9.0.1/armtools/bin/../lib/gcc/arm-atollic-eabi/6.3.1/../../../../arm-atollic-eabi/lib/armv7-m\libc_nano.a(lib_a-mlock.o)
 .data          0x00000000        0x0 e:/program files (x86)/atollic/truestudio for stm32 9.0.1/armtools/bin/../lib/gcc/arm-atollic-eabi/6.3.1/armv7-m\libgcc.a(_arm_muldivsf3.o)
 .bss           0x00000000        0x0 e:/program files (x86)/atollic/truestudio for stm32 9.0.1/armtools/bin/../lib/gcc/arm-atollic-eabi/6.3.1/armv7-m\libgcc.a(_arm_muldivsf3.o)
 .data          0x00000000        0x0 e:/program files (x86)/atollic/truestudio for stm32 9.0.1/armtools/bin/../lib/gcc/arm-atollic-eabi/6.3.1/armv7-m\libgcc.a(_arm_fixsfsi.o)
 .bss           0x00000000        0x0 e:/program files (x86)/atollic/truestudio for stm32 9.0.1/armtools/bin/../lib/gcc/arm-atollic-eabi/6.3.1/armv7-m\libgcc.a(_arm_fixsfsi.o)
 .text          0x00000000        0x0 e:/program files (x86)/atollic/truestudio for stm32 9.0.1/armtools/bin/../lib/gcc/arm-atollic-eabi/6.3.1/armv7-m/crtend.o
 .data          0x00000000        0x0 e:/program files (x86)/atollic/truestudio for stm32 9.0.1/armtools/bin/../lib/gcc/arm-atollic-eabi/6.3.1/armv7-m/crtend.o
 .bss           0x00000000        0x0 e:/program files (x86)/atollic/truestudio for stm32 9.0.1/armtools/bin/../lib/gcc/arm-atollic-eabi/6.3.1/armv7-m/crtend.o
 .eh_frame      0x00000000        0x4 e:/program files (x86)/atollic/truestudio for stm32 9.0.1/armtools/bin/../lib/gcc/arm-atollic-eabi/6.3.1/armv7-m/crtend.o
 .ARM.attributes
                0x00000000       0x2d e:/program files (x86)/atollic/truestudio for stm32 9.0.1/armtools/bin/../lib/gcc/arm-atollic-eabi/6.3.1/armv7-m/crtend.o
 .text          0x00000000        0x0 e:/program files (x86)/atollic/truestudio for stm32 9.0.1/armtools/bin/../lib/gcc/arm-atollic-eabi/6.3.1/armv7-m/crtn.o
 .data          0x00000000        0x0 e:/program files (x86)/atollic/truestudio for stm32 9.0.1/armtools/bin/../lib/gcc/arm-atollic-eabi/6.3.1/armv7-m/crtn.o
 .bss           0x00000000        0x0 e:/program files (x86)/atollic/truestudio for stm32 9.0.1/armtools/bin/../lib/gcc/arm-atollic-eabi/6.3.1/armv7-m/crtn.o

Memory Configuration

Name             Origin             Length             Attributes
FLASH            0x08000000         0x00080000         xr
RAM              0x20000000         0x00014000         xrw
MEMORY_B1        0x60000000         0x00000000         xr
*default*        0x00000000         0xffffffff

Linker script and memory map

LOAD e:/program files (x86)/atollic/truestudio for stm32 9.0.1/armtools/bin/../lib/gcc/arm-atollic-eabi/6.3.1/armv7-m/crti.o
LOAD e:/program files (x86)/atollic/truestudio for stm32 9.0.1/armtools/bin/../lib/gcc/arm-atollic-eabi/6.3.1/armv7-m/crtbegin.o
LOAD src\main.o
LOAD src\startup_stm32l152xe.o
LOAD src\syscalls.o
LOAD src\system_stm32l1xx.o
LOAD src\tiny_printf.o
                0x00000080                malloc_getpagesize_P = 0x80
START GROUP
LOAD e:/program files (x86)/atollic/truestudio for stm32 9.0.1/armtools/bin/../lib/gcc/arm-atollic-eabi/6.3.1/../../../../arm-atollic-eabi/lib/armv7-m\libc_nano.a
LOAD e:/program files (x86)/atollic/truestudio for stm32 9.0.1/armtools/bin/../lib/gcc/arm-atollic-eabi/6.3.1/../../../../arm-atollic-eabi/lib/armv7-m\libm.a
END GROUP
START GROUP
LOAD e:/program files (x86)/atollic/truestudio for stm32 9.0.1/armtools/bin/../lib/gcc/arm-atollic-eabi/6.3.1/armv7-m\libgcc.a
LOAD e:/program files (x86)/atollic/truestudio for stm32 9.0.1/armtools/bin/../lib/gcc/arm-atollic-eabi/6.3.1/../../../../arm-atollic-eabi/lib/armv7-m\libc_nano.a
END GROUP
START GROUP
LOAD e:/program files (x86)/atollic/truestudio for stm32 9.0.1/armtools/bin/../lib/gcc/arm-atollic-eabi/6.3.1/armv7-m\libgcc.a
LOAD e:/program files (x86)/atollic/truestudio for stm32 9.0.1/armtools/bin/../lib/gcc/arm-atollic-eabi/6.3.1/../../../../arm-atollic-eabi/lib/armv7-m\libc_nano.a
LOAD e:/program files (x86)/atollic/truestudio for stm32 9.0.1/armtools/bin/../lib/gcc/arm-atollic-eabi/6.3.1/../../../../arm-atollic-eabi/lib/armv7-m\libnosys.a
END GROUP
START GROUP
LOAD e:/program files (x86)/atollic/truestudio for stm32 9.0.1/armtools/bin/../lib/gcc/arm-atollic-eabi/6.3.1/armv7-m\libgcc.a
LOAD e:/program files (x86)/atollic/truestudio for stm32 9.0.1/armtools/bin/../lib/gcc/arm-atollic-eabi/6.3.1/../../../../arm-atollic-eabi/lib/armv7-m\libc_nano.a
LOAD e:/program files (x86)/atollic/truestudio for stm32 9.0.1/armtools/bin/../lib/gcc/arm-atollic-eabi/6.3.1/../../../../arm-atollic-eabi/lib/armv7-m\libnosys.a
END GROUP
LOAD e:/program files (x86)/atollic/truestudio for stm32 9.0.1/armtools/bin/../lib/gcc/arm-atollic-eabi/6.3.1/armv7-m/crtend.o
LOAD e:/program files (x86)/atollic/truestudio for stm32 9.0.1/armtools/bin/../lib/gcc/arm-atollic-eabi/6.3.1/armv7-m/crtn.o
                0x20014000                _estack = 0x20014000
                0x00000000                _Min_Heap_Size = 0x0
                0x00000400                _Min_Stack_Size = 0x400

.isr_vector     0x08000000      0x13c
                0x08000000                . = ALIGN (0x4)
 *(.isr_vector)
 .isr_vector    0x08000000      0x13c src\startup_stm32l152xe.o
                0x08000000                g_pfnVectors
                0x0800013c                . = ALIGN (0x4)

.text           0x0800013c      0xa4c
                0x0800013c                . = ALIGN (0x4)
 *(.text)
 .text          0x0800013c       0x40 e:/program files (x86)/atollic/truestudio for stm32 9.0.1/armtools/bin/../lib/gcc/arm-atollic-eabi/6.3.1/armv7-m/crtbegin.o
 .text          0x0800017c      0x2a0 e:/program files (x86)/atollic/truestudio for stm32 9.0.1/armtools/bin/../lib/gcc/arm-atollic-eabi/6.3.1/armv7-m\libgcc.a(_arm_muldivsf3.o)
                0x0800017c                __mulsf3
                0x0800017c                __aeabi_fmul
                0x080002e4                __aeabi_fdiv
                0x080002e4                __divsf3
 .text          0x0800041c       0x4c e:/program files (x86)/atollic/truestudio for stm32 9.0.1/armtools/bin/../lib/gcc/arm-atollic-eabi/6.3.1/armv7-m\libgcc.a(_arm_fixsfsi.o)
                0x0800041c                __aeabi_f2iz
                0x0800041c                __fixsfsi
 *(.text*)
 .text.SetSysClock
                0x08000468      0x10c src\main.o
                0x08000468                SetSysClock
 .text.main     0x08000574       0xd8 src\main.o
                0x08000574                main
 .text.USART2_Init
                0x0800064c       0x84 src\main.o
                0x0800064c                USART2_Init
 .text.USART2_write
                0x080006d0       0x2c src\main.o
                0x080006d0                USART2_write
 .text.delay_Ms
                0x080006fc       0x3a src\main.o
                0x080006fc                delay_Ms
 *fill*         0x08000736        0x2 
 .text.Reset_Handler
                0x08000738       0x48 src\startup_stm32l152xe.o
                0x08000738                Reset_Handler
 .text.Default_Handler
                0x08000780        0x2 src\startup_stm32l152xe.o
                0x08000780                RTC_Alarm_IRQHandler
                0x08000780                EXTI2_IRQHandler
                0x08000780                COMP_ACQ_IRQHandler
                0x08000780                DebugMon_Handler
                0x08000780                HardFault_Handler
                0x08000780                TIM10_IRQHandler
                0x08000780                USB_HP_IRQHandler
                0x08000780                TIM6_IRQHandler
                0x08000780                SysTick_Handler
                0x08000780                PVD_IRQHandler
                0x08000780                PendSV_Handler
                0x08000780                NMI_Handler
                0x08000780                EXTI3_IRQHandler
                0x08000780                EXTI0_IRQHandler
                0x08000780                I2C2_EV_IRQHandler
                0x08000780                UsageFault_Handler
                0x08000780                SPI1_IRQHandler
                0x08000780                USB_FS_WKUP_IRQHandler
                0x08000780                DMA2_Channel2_IRQHandler
                0x08000780                DMA1_Channel4_IRQHandler
                0x08000780                ADC1_IRQHandler
                0x08000780                USART3_IRQHandler
                0x08000780                DMA1_Channel7_IRQHandler
                0x08000780                LCD_IRQHandler
                0x08000780                UART5_IRQHandler
                0x08000780                TIM4_IRQHandler
                0x08000780                DMA2_Channel1_IRQHandler
                0x08000780                I2C1_EV_IRQHandler
                0x08000780                DMA1_Channel6_IRQHandler
                0x08000780                UART4_IRQHandler
                0x08000780                DMA2_Channel4_IRQHandler
                0x08000780                TIM3_IRQHandler
                0x08000780                RCC_IRQHandler
                0x08000780                DMA1_Channel1_IRQHandler
                0x08000780                Default_Handler
                0x08000780                EXTI15_10_IRQHandler
                0x08000780                TIM7_IRQHandler
                0x08000780                TIM5_IRQHandler
                0x08000780                EXTI9_5_IRQHandler
                0x08000780                TIM9_IRQHandler
                0x08000780                TAMPER_STAMP_IRQHandler
                0x08000780                RTC_WKUP_IRQHandler
                0x08000780                SPI2_IRQHandler
                0x08000780                MemManage_Handler
                0x08000780                SVC_Handler
                0x08000780                DMA2_Channel5_IRQHandler
                0x08000780                DMA1_Channel5_IRQHandler
                0x08000780                USB_LP_IRQHandler
                0x08000780                EXTI4_IRQHandler
                0x08000780                DMA1_Channel3_IRQHandler
                0x08000780                COMP_IRQHandler
                0x08000780                WWDG_IRQHandler
                0x08000780                TIM2_IRQHandler
                0x08000780                DAC_IRQHandler
                0x08000780                EXTI1_IRQHandler
                0x08000780                TIM11_IRQHandler
                0x08000780                USART2_IRQHandler
                0x08000780                I2C2_ER_IRQHandler
                0x08000780                DMA1_Channel2_IRQHandler
                0x08000780                FLASH_IRQHandler
                0x08000780                BusFault_Handler
                0x08000780                USART1_IRQHandler
                0x08000780                SPI3_IRQHandler
                0x08000780                I2C1_ER_IRQHandler
                0x08000780                DMA2_Channel3_IRQHandler
 *fill*         0x08000782        0x2 
 .text.SystemInit
                0x08000784       0x68 src\system_stm32l1xx.o
                0x08000784                SystemInit
 .text.SystemCoreClockUpdate
                0x080007ec      0x150 src\system_stm32l1xx.o
                0x080007ec                SystemCoreClockUpdate
 .text.ts_itoa  0x0800093c       0x90 src\tiny_printf.o
                0x0800093c                ts_itoa
 .text.ts_formatstring
                0x080009cc      0x12e src\tiny_printf.o
                0x080009cc                ts_formatstring
 .text.siprintf
                0x08000afa       0x2c src\tiny_printf.o
                0x08000afa                siprintf
                0x08000afa                sprintf
 *fill*         0x08000b26        0x2 
 .text.__libc_init_array
                0x08000b28       0x48 e:/program files (x86)/atollic/truestudio for stm32 9.0.1/armtools/bin/../lib/gcc/arm-atollic-eabi/6.3.1/../../../../arm-atollic-eabi/lib/armv7-m\libc_nano.a(lib_a-init.o)
                0x08000b28                __libc_init_array
 *(.glue_7)
 .glue_7        0x08000b70        0x0 linker stubs
 *(.glue_7t)
 .glue_7t       0x08000b70        0x0 linker stubs
 *(.eh_frame)
 .eh_frame      0x08000b70        0x0 e:/program files (x86)/atollic/truestudio for stm32 9.0.1/armtools/bin/../lib/gcc/arm-atollic-eabi/6.3.1/armv7-m/crtbegin.o
 *(.init)
 .init          0x08000b70        0x4 e:/program files (x86)/atollic/truestudio for stm32 9.0.1/armtools/bin/../lib/gcc/arm-atollic-eabi/6.3.1/armv7-m/crti.o
                0x08000b70                _init
 .init          0x08000b74        0x8 e:/program files (x86)/atollic/truestudio for stm32 9.0.1/armtools/bin/../lib/gcc/arm-atollic-eabi/6.3.1/armv7-m/crtn.o
 *(.fini)
 .fini          0x08000b7c        0x4 e:/program files (x86)/atollic/truestudio for stm32 9.0.1/armtools/bin/../lib/gcc/arm-atollic-eabi/6.3.1/armv7-m/crti.o
                0x08000b7c                _fini
 .fini          0x08000b80        0x8 e:/program files (x86)/atollic/truestudio for stm32 9.0.1/armtools/bin/../lib/gcc/arm-atollic-eabi/6.3.1/armv7-m/crtn.o
                0x08000b88                . = ALIGN (0x4)
                0x08000b88                _etext = .

.vfp11_veneer   0x08000b88        0x0
 .vfp11_veneer  0x08000b88        0x0 linker stubs

.v4_bx          0x08000b88        0x0
 .v4_bx         0x08000b88        0x0 linker stubs

.iplt           0x08000b88        0x0
 .iplt          0x08000b88        0x0 e:/program files (x86)/atollic/truestudio for stm32 9.0.1/armtools/bin/../lib/gcc/arm-atollic-eabi/6.3.1/armv7-m/crtbegin.o

.rodata         0x08000b88       0x2c
                0x08000b88                . = ALIGN (0x4)
 *(.rodata)
 .rodata        0x08000b88        0xe src\main.o
 *(.rodata*)
 *fill*         0x08000b96        0x2 
 .rodata.PLLMulTable
                0x08000b98        0x9 src\system_stm32l1xx.o
                0x08000b98                PLLMulTable
 *fill*         0x08000ba1        0x3 
 .rodata.AHBPrescTable
                0x08000ba4       0x10 src\system_stm32l1xx.o
                0x08000ba4                AHBPrescTable
                0x08000bb4                . = ALIGN (0x4)

.rel.dyn        0x08000bb4        0x0
 .rel.iplt      0x08000bb4        0x0 e:/program files (x86)/atollic/truestudio for stm32 9.0.1/armtools/bin/../lib/gcc/arm-atollic-eabi/6.3.1/armv7-m/crtbegin.o

.ARM.extab
 *(.ARM.extab* .gnu.linkonce.armextab.*)

.ARM            0x08000bb4        0x0
                0x08000bb4                __exidx_start = .
 *(.ARM.exidx*)
                0x08000bb4                __exidx_end = .

.preinit_array  0x08000bb4        0x0
                0x08000bb4                PROVIDE (__preinit_array_start, .)
 *(.preinit_array*)
                0x08000bb4                PROVIDE (__preinit_array_end, .)

.init_array     0x08000bb4        0x4
                0x08000bb4                PROVIDE (__init_array_start, .)
 *(SORT(.init_array.*))
 *(.init_array*)
 .init_array    0x08000bb4        0x4 e:/program files (x86)/atollic/truestudio for stm32 9.0.1/armtools/bin/../lib/gcc/arm-atollic-eabi/6.3.1/armv7-m/crtbegin.o
                0x08000bb8                PROVIDE (__init_array_end, .)

.fini_array     0x08000bb8        0x4
                [!provide]                PROVIDE (__fini_array_start, .)
 *(SORT(.fini_array.*))
 *(.fini_array*)
 .fini_array    0x08000bb8        0x4 e:/program files (x86)/atollic/truestudio for stm32 9.0.1/armtools/bin/../lib/gcc/arm-atollic-eabi/6.3.1/armv7-m/crtbegin.o
                [!provide]                PROVIDE (__fini_array_end, .)
                0x08000bbc                _sidata = LOADADDR (.data)

.data           0x20000000        0x4 load address 0x08000bbc
                0x20000000                . = ALIGN (0x4)
                0x20000000                _sdata = .
 *(.data)
 *(.data*)
 .data.SystemCoreClock
                0x20000000        0x4 src\system_stm32l1xx.o
                0x20000000                SystemCoreClock
                0x20000004                . = ALIGN (0x4)
                0x20000004                _edata = .

.igot.plt       0x20000004        0x0 load address 0x08000bc0
 .igot.plt      0x20000004        0x0 e:/program files (x86)/atollic/truestudio for stm32 9.0.1/armtools/bin/../lib/gcc/arm-atollic-eabi/6.3.1/armv7-m/crtbegin.o
                0x20000004                . = ALIGN (0x4)

.bss            0x20000004       0x1c load address 0x08000bc0
                0x20000004                _sbss = .
                0x20000004                __bss_start__ = _sbss
 *(.bss)
 .bss           0x20000004       0x1c e:/program files (x86)/atollic/truestudio for stm32 9.0.1/armtools/bin/../lib/gcc/arm-atollic-eabi/6.3.1/armv7-m/crtbegin.o
 *(.bss*)
 *(COMMON)
                0x20000020                . = ALIGN (0x4)
                0x20000020                _ebss = .
                0x20000020                __bss_end__ = _ebss

._user_heap_stack
                0x20000020      0x400 load address 0x08000bc0
                0x20000020                . = ALIGN (0x4)
                0x20000020                PROVIDE (end, .)
                [!provide]                PROVIDE (_end, .)
                0x20000020                . = (. + _Min_Heap_Size)
                0x20000420                . = (. + _Min_Stack_Size)
 *fill*         0x20000020      0x400 
                0x20000420                . = ALIGN (0x4)

.memory_b1_text
 *(.mb1text)
 *(.mb1text*)
 *(.mb1rodata)
 *(.mb1rodata*)

/DISCARD/
 libc.a(*)
 libm.a(*)
 libgcc.a(*)

.ARM.attributes
                0x00000000       0x29
 *(.ARM.attributes)
 .ARM.attributes
                0x00000000       0x1d e:/program files (x86)/atollic/truestudio for stm32 9.0.1/armtools/bin/../lib/gcc/arm-atollic-eabi/6.3.1/armv7-m/crti.o
 .ARM.attributes
                0x0000001d       0x2d e:/program files (x86)/atollic/truestudio for stm32 9.0.1/armtools/bin/../lib/gcc/arm-atollic-eabi/6.3.1/armv7-m/crtbegin.o
 .ARM.attributes
                0x0000004a       0x33 src\main.o
 .ARM.attributes
                0x0000007d       0x21 src\startup_stm32l152xe.o
 .ARM.attributes
                0x0000009e       0x33 src\system_stm32l1xx.o
 .ARM.attributes
                0x000000d1       0x33 src\tiny_printf.o
 .ARM.attributes
                0x00000104       0x2d e:/program files (x86)/atollic/truestudio for stm32 9.0.1/armtools/bin/../lib/gcc/arm-atollic-eabi/6.3.1/../../../../arm-atollic-eabi/lib/armv7-m\libc_nano.a(lib_a-init.o)
 .ARM.attributes
                0x00000131       0x1d e:/program files (x86)/atollic/truestudio for stm32 9.0.1/armtools/bin/../lib/gcc/arm-atollic-eabi/6.3.1/armv7-m\libgcc.a(_arm_muldivsf3.o)
 .ARM.attributes
                0x0000014e       0x1d e:/program files (x86)/atollic/truestudio for stm32 9.0.1/armtools/bin/../lib/gcc/arm-atollic-eabi/6.3.1/armv7-m\libgcc.a(_arm_fixsfsi.o)
 .ARM.attributes
                0x0000016b       0x1d e:/program files (x86)/atollic/truestudio for stm32 9.0.1/armtools/bin/../lib/gcc/arm-atollic-eabi/6.3.1/armv7-m/crtn.o
OUTPUT(template.elf elf32-littlearm)

.debug_info     0x00000000     0x1e92
 .debug_info    0x00000000      0xd64 src\main.o
 .debug_info    0x00000d64       0x6b src\startup_stm32l152xe.o
 .debug_info    0x00000dcf      0x44b src\system_stm32l1xx.o
 .debug_info    0x0000121a      0xc78 src\tiny_printf.o

.debug_abbrev   0x00000000      0x58b
 .debug_abbrev  0x00000000      0x209 src\main.o
 .debug_abbrev  0x00000209       0x12 src\startup_stm32l152xe.o
 .debug_abbrev  0x0000021b      0x10e src\system_stm32l1xx.o
 .debug_abbrev  0x00000329      0x262 src\tiny_printf.o

.debug_aranges  0x00000000       0xf0
 .debug_aranges
                0x00000000       0x40 src\main.o
 .debug_aranges
                0x00000040       0x28 src\startup_stm32l152xe.o
 .debug_aranges
                0x00000068       0x28 src\system_stm32l1xx.o
 .debug_aranges
                0x00000090       0x60 src\tiny_printf.o

.debug_ranges   0x00000000       0xb8
 .debug_ranges  0x00000000       0x30 src\main.o
 .debug_ranges  0x00000030       0x20 src\startup_stm32l152xe.o
 .debug_ranges  0x00000050       0x18 src\system_stm32l1xx.o
 .debug_ranges  0x00000068       0x50 src\tiny_printf.o

.debug_line     0x00000000      0x896
 .debug_line    0x00000000      0x37f src\main.o
 .debug_line    0x0000037f       0x79 src\startup_stm32l152xe.o
 .debug_line    0x000003f8      0x1df src\system_stm32l1xx.o
 .debug_line    0x000005d7      0x2bf src\tiny_printf.o

.debug_str      0x00000000      0x853
 .debug_str     0x00000000      0x6f9 src\main.o
                                0x795 (size before relaxing)
 .debug_str     0x000006f9       0xba src\system_stm32l1xx.o
                                0x2f7 (size before relaxing)
 .debug_str     0x000007b3       0xa0 src\tiny_printf.o
                                0x659 (size before relaxing)

.comment        0x00000000       0x7c
 .comment       0x00000000       0x7c src\main.o
                                 0x7d (size before relaxing)
 .comment       0x0000007c       0x7d src\system_stm32l1xx.o
 .comment       0x0000007c       0x7d src\tiny_printf.o

.debug_frame    0x00000000      0x364
 .debug_frame   0x00000000       0xc8 src\main.o
 .debug_frame   0x000000c8       0x58 src\system_stm32l1xx.o
 .debug_frame   0x00000120      0x1bc src\tiny_printf.o
 .debug_frame   0x000002dc       0x2c e:/program files (x86)/atollic/truestudio for stm32 9.0.1/armtools/bin/../lib/gcc/arm-atollic-eabi/6.3.1/../../../../arm-atollic-eabi/lib/armv7-m\libc_nano.a(lib_a-init.o)
 .debug_frame   0x00000308       0x38 e:/program files (x86)/atollic/truestudio for stm32 9.0.1/armtools/bin/../lib/gcc/arm-atollic-eabi/6.3.1/armv7-m\libgcc.a(_arm_muldivsf3.o)
 .debug_frame   0x00000340       0x24 e:/program files (x86)/atollic/truestudio for stm32 9.0.1/armtools/bin/../lib/gcc/arm-atollic-eabi/6.3.1/armv7-m\libgcc.a(_arm_fixsfsi.o)

Cross Reference Table

Symbol                                            File
ADC1_IRQHandler                                   src\startup_stm32l152xe.o
AHBPrescTable                                     src\system_stm32l1xx.o
APBPrescTable                                     src\system_stm32l1xx.o
BusFault_Handler                                  src\startup_stm32l152xe.o
COMP_ACQ_IRQHandler                               src\startup_stm32l152xe.o
COMP_IRQHandler                                   src\startup_stm32l152xe.o
DAC_IRQHandler                                    src\startup_stm32l152xe.o
DMA1_Channel1_IRQHandler                          src\startup_stm32l152xe.o
DMA1_Channel2_IRQHandler                          src\startup_stm32l152xe.o
DMA1_Channel3_IRQHandler                          src\startup_stm32l152xe.o
DMA1_Channel4_IRQHandler                          src\startup_stm32l152xe.o
DMA1_Channel5_IRQHandler                          src\startup_stm32l152xe.o
DMA1_Channel6_IRQHandler                          src\startup_stm32l152xe.o
DMA1_Channel7_IRQHandler                          src\startup_stm32l152xe.o
DMA2_Channel1_IRQHandler                          src\startup_stm32l152xe.o
DMA2_Channel2_IRQHandler                          src\startup_stm32l152xe.o
DMA2_Channel3_IRQHandler                          src\startup_stm32l152xe.o
DMA2_Channel4_IRQHandler                          src\startup_stm32l152xe.o
DMA2_Channel5_IRQHandler                          src\startup_stm32l152xe.o
DebugMon_Handler                                  src\startup_stm32l152xe.o
Default_Handler                                   src\startup_stm32l152xe.o
EXTI0_IRQHandler                                  src\startup_stm32l152xe.o
EXTI15_10_IRQHandler                              src\startup_stm32l152xe.o
EXTI1_IRQHandler                                  src\startup_stm32l152xe.o
EXTI2_IRQHandler                                  src\startup_stm32l152xe.o
EXTI3_IRQHandler                                  src\startup_stm32l152xe.o
EXTI4_IRQHandler                                  src\startup_stm32l152xe.o
EXTI9_5_IRQHandler                                src\startup_stm32l152xe.o
FLASH_IRQHandler                                  src\startup_stm32l152xe.o
HardFault_Handler                                 src\startup_stm32l152xe.o
I2C1_ER_IRQHandler                                src\startup_stm32l152xe.o
I2C1_EV_IRQHandler                                src\startup_stm32l152xe.o
I2C2_ER_IRQHandler                                src\startup_stm32l152xe.o
I2C2_EV_IRQHandler                                src\startup_stm32l152xe.o
LCD_IRQHandler                                    src\startup_stm32l152xe.o
MemManage_Handler                                 src\startup_stm32l152xe.o
NMI_Handler                                       src\startup_stm32l152xe.o
PLLMulTable                                       src\system_stm32l1xx.o
PVD_IRQHandler                                    src\startup_stm32l152xe.o
PendSV_Handler                                    src\startup_stm32l152xe.o
RCC_IRQHandler                                    src\startup_stm32l152xe.o
RTC_Alarm_IRQHandler                              src\startup_stm32l152xe.o
RTC_WKUP_IRQHandler                               src\startup_stm32l152xe.o
Reset_Handler                                     src\startup_stm32l152xe.o
SPI1_IRQHandler                                   src\startup_stm32l152xe.o
SPI2_IRQHandler                                   src\startup_stm32l152xe.o
SPI3_IRQHandler                                   src\startup_stm32l152xe.o
SVC_Handler                                       src\startup_stm32l152xe.o
SetSysClock                                       src\main.o
SysTick_Handler                                   src\startup_stm32l152xe.o
SystemCoreClock                                   src\system_stm32l1xx.o
SystemCoreClockUpdate                             src\system_stm32l1xx.o
                                                  src\main.o
SystemInit                                        src\system_stm32l1xx.o
                                                  src\startup_stm32l152xe.o
TAMPER_STAMP_IRQHandler                           src\startup_stm32l152xe.o
TIM10_IRQHandler                                  src\startup_stm32l152xe.o
TIM11_IRQHandler                                  src\startup_stm32l152xe.o
TIM2_IRQHandler                                   src\startup_stm32l152xe.o
TIM3_IRQHandler                                   src\startup_stm32l152xe.o
TIM4_IRQHandler                                   src\startup_stm32l152xe.o
TIM5_IRQHandler                                   src\startup_stm32l152xe.o
TIM6_IRQHandler                                   src\startup_stm32l152xe.o
TIM7_IRQHandler                                   src\startup_stm32l152xe.o
TIM9_IRQHandler                                   src\startup_stm32l152xe.o
UART4_IRQHandler                                  src\startup_stm32l152xe.o
UART5_IRQHandler                                  src\startup_stm32l152xe.o
USART1_IRQHandler                                 src\startup_stm32l152xe.o
USART2_IRQHandler                                 src\startup_stm32l152xe.o
USART2_Init                                       src\main.o
USART2_write                                      src\main.o
USART3_IRQHandler                                 src\startup_stm32l152xe.o
USB_FS_WKUP_IRQHandler                            src\startup_stm32l152xe.o
USB_HP_IRQHandler                                 src\startup_stm32l152xe.o
USB_LP_IRQHandler                                 src\startup_stm32l152xe.o
UsageFault_Handler                                src\startup_stm32l152xe.o
WWDG_IRQHandler                                   src\startup_stm32l152xe.o
__aeabi_f2iz                                      e:/program files (x86)/atollic/truestudio for stm32 9.0.1/armtools/bin/../lib/gcc/arm-atollic-eabi/6.3.1/armv7-m\libgcc.a(_arm_fixsfsi.o)
                                                  src\main.o
__aeabi_fdiv                                      e:/program files (x86)/atollic/truestudio for stm32 9.0.1/armtools/bin/../lib/gcc/arm-atollic-eabi/6.3.1/armv7-m\libgcc.a(_arm_muldivsf3.o)
__aeabi_fmul                                      e:/program files (x86)/atollic/truestudio for stm32 9.0.1/armtools/bin/../lib/gcc/arm-atollic-eabi/6.3.1/armv7-m\libgcc.a(_arm_muldivsf3.o)
                                                  src\main.o
__deregister_frame_info                           e:/program files (x86)/atollic/truestudio for stm32 9.0.1/armtools/bin/../lib/gcc/arm-atollic-eabi/6.3.1/armv7-m/crtbegin.o
__divsf3                                          e:/program files (x86)/atollic/truestudio for stm32 9.0.1/armtools/bin/../lib/gcc/arm-atollic-eabi/6.3.1/armv7-m\libgcc.a(_arm_muldivsf3.o)
__dso_handle                                      e:/program files (x86)/atollic/truestudio for stm32 9.0.1/armtools/bin/../lib/gcc/arm-atollic-eabi/6.3.1/armv7-m/crtbegin.o
__env                                             src\syscalls.o
__fixsfsi                                         e:/program files (x86)/atollic/truestudio for stm32 9.0.1/armtools/bin/../lib/gcc/arm-atollic-eabi/6.3.1/armv7-m\libgcc.a(_arm_fixsfsi.o)
__init_array_end                                  e:/program files (x86)/atollic/truestudio for stm32 9.0.1/armtools/bin/../lib/gcc/arm-atollic-eabi/6.3.1/../../../../arm-atollic-eabi/lib/armv7-m\libc_nano.a(lib_a-init.o)
__init_array_start                                e:/program files (x86)/atollic/truestudio for stm32 9.0.1/armtools/bin/../lib/gcc/arm-atollic-eabi/6.3.1/../../../../arm-atollic-eabi/lib/armv7-m\libc_nano.a(lib_a-init.o)
__libc_init_array                                 e:/program files (x86)/atollic/truestudio for stm32 9.0.1/armtools/bin/../lib/gcc/arm-atollic-eabi/6.3.1/../../../../arm-atollic-eabi/lib/armv7-m\libc_nano.a(lib_a-init.o)
                                                  src\startup_stm32l152xe.o
__malloc_free_list                                e:/program files (x86)/atollic/truestudio for stm32 9.0.1/armtools/bin/../lib/gcc/arm-atollic-eabi/6.3.1/../../../../arm-atollic-eabi/lib/armv7-m\libc_nano.a(lib_a-nano-mallocr.o)
                                                  e:/program files (x86)/atollic/truestudio for stm32 9.0.1/armtools/bin/../lib/gcc/arm-atollic-eabi/6.3.1/../../../../arm-atollic-eabi/lib/armv7-m\libc_nano.a(lib_a-nano-freer.o)
__malloc_lock                                     e:/program files (x86)/atollic/truestudio for stm32 9.0.1/armtools/bin/../lib/gcc/arm-atollic-eabi/6.3.1/../../../../arm-atollic-eabi/lib/armv7-m\libc_nano.a(lib_a-mlock.o)
                                                  e:/program files (x86)/atollic/truestudio for stm32 9.0.1/armtools/bin/../lib/gcc/arm-atollic-eabi/6.3.1/../../../../arm-atollic-eabi/lib/armv7-m\libc_nano.a(lib_a-nano-mallocr.o)
                                                  e:/program files (x86)/atollic/truestudio for stm32 9.0.1/armtools/bin/../lib/gcc/arm-atollic-eabi/6.3.1/../../../../arm-atollic-eabi/lib/armv7-m\libc_nano.a(lib_a-nano-freer.o)
__malloc_sbrk_start                               e:/program files (x86)/atollic/truestudio for stm32 9.0.1/armtools/bin/../lib/gcc/arm-atollic-eabi/6.3.1/../../../../arm-atollic-eabi/lib/armv7-m\libc_nano.a(lib_a-nano-mallocr.o)
__malloc_unlock                                   e:/program files (x86)/atollic/truestudio for stm32 9.0.1/armtools/bin/../lib/gcc/arm-atollic-eabi/6.3.1/../../../../arm-atollic-eabi/lib/armv7-m\libc_nano.a(lib_a-mlock.o)
                                                  e:/program files (x86)/atollic/truestudio for stm32 9.0.1/armtools/bin/../lib/gcc/arm-atollic-eabi/6.3.1/../../../../arm-atollic-eabi/lib/armv7-m\libc_nano.a(lib_a-nano-mallocr.o)
                                                  e:/program files (x86)/atollic/truestudio for stm32 9.0.1/armtools/bin/../lib/gcc/arm-atollic-eabi/6.3.1/../../../../arm-atollic-eabi/lib/armv7-m\libc_nano.a(lib_a-nano-freer.o)
__mulsf3                                          e:/program files (x86)/atollic/truestudio for stm32 9.0.1/armtools/bin/../lib/gcc/arm-atollic-eabi/6.3.1/armv7-m\libgcc.a(_arm_muldivsf3.o)
__preinit_array_end                               e:/program files (x86)/atollic/truestudio for stm32 9.0.1/armtools/bin/../lib/gcc/arm-atollic-eabi/6.3.1/../../../../arm-atollic-eabi/lib/armv7-m\libc_nano.a(lib_a-init.o)
__preinit_array_start                             e:/program files (x86)/atollic/truestudio for stm32 9.0.1/armtools/bin/../lib/gcc/arm-atollic-eabi/6.3.1/../../../../arm-atollic-eabi/lib/armv7-m\libc_nano.a(lib_a-init.o)
__register_frame_info                             e:/program files (x86)/atollic/truestudio for stm32 9.0.1/armtools/bin/../lib/gcc/arm-atollic-eabi/6.3.1/armv7-m/crtbegin.o
__sf_fake_stderr                                  e:/program files (x86)/atollic/truestudio for stm32 9.0.1/armtools/bin/../lib/gcc/arm-atollic-eabi/6.3.1/../../../../arm-atollic-eabi/lib/armv7-m\libc_nano.a(lib_a-impure.o)
__sf_fake_stdin                                   e:/program files (x86)/atollic/truestudio for stm32 9.0.1/armtools/bin/../lib/gcc/arm-atollic-eabi/6.3.1/../../../../arm-atollic-eabi/lib/armv7-m\libc_nano.a(lib_a-impure.o)
__sf_fake_stdout                                  e:/program files (x86)/atollic/truestudio for stm32 9.0.1/armtools/bin/../lib/gcc/arm-atollic-eabi/6.3.1/../../../../arm-atollic-eabi/lib/armv7-m\libc_nano.a(lib_a-impure.o)
_close                                            src\syscalls.o
_ebss                                             src\startup_stm32l152xe.o
_edata                                            src\startup_stm32l152xe.o
_estack                                           src\startup_stm32l152xe.o
_execve                                           src\syscalls.o
_exit                                             src\syscalls.o
_fini                                             e:/program files (x86)/atollic/truestudio for stm32 9.0.1/armtools/bin/../lib/gcc/arm-atollic-eabi/6.3.1/armv7-m/crti.o
_fork                                             src\syscalls.o
_free_r                                           e:/program files (x86)/atollic/truestudio for stm32 9.0.1/armtools/bin/../lib/gcc/arm-atollic-eabi/6.3.1/../../../../arm-atollic-eabi/lib/armv7-m\libc_nano.a(lib_a-nano-freer.o)
                                                  e:/program files (x86)/atollic/truestudio for stm32 9.0.1/armtools/bin/../lib/gcc/arm-atollic-eabi/6.3.1/../../../../arm-atollic-eabi/lib/armv7-m\libc_nano.a(lib_a-reent.o)
_fstat                                            src\syscalls.o
_getpid                                           src\syscalls.o
_gettimeofday                                     src\syscalls.o
_global_impure_ptr                                e:/program files (x86)/atollic/truestudio for stm32 9.0.1/armtools/bin/../lib/gcc/arm-atollic-eabi/6.3.1/../../../../arm-atollic-eabi/lib/armv7-m\libc_nano.a(lib_a-impure.o)
_impure_ptr                                       e:/program files (x86)/atollic/truestudio for stm32 9.0.1/armtools/bin/../lib/gcc/arm-atollic-eabi/6.3.1/../../../../arm-atollic-eabi/lib/armv7-m\libc_nano.a(lib_a-impure.o)
                                                  e:/program files (x86)/atollic/truestudio for stm32 9.0.1/armtools/bin/../lib/gcc/arm-atollic-eabi/6.3.1/../../../../arm-atollic-eabi/lib/armv7-m\libc_nano.a(lib_a-reent.o)
_init                                             e:/program files (x86)/atollic/truestudio for stm32 9.0.1/armtools/bin/../lib/gcc/arm-atollic-eabi/6.3.1/armv7-m/crti.o
                                                  e:/program files (x86)/atollic/truestudio for stm32 9.0.1/armtools/bin/../lib/gcc/arm-atollic-eabi/6.3.1/../../../../arm-atollic-eabi/lib/armv7-m\libc_nano.a(lib_a-init.o)
_isatty                                           src\syscalls.o
_kill                                             src\syscalls.o
_link                                             src\syscalls.o
_lseek                                            src\syscalls.o
_malloc_r                                         e:/program files (x86)/atollic/truestudio for stm32 9.0.1/armtools/bin/../lib/gcc/arm-atollic-eabi/6.3.1/../../../../arm-atollic-eabi/lib/armv7-m\libc_nano.a(lib_a-nano-mallocr.o)
_open                                             src\syscalls.o
_read                                             src\syscalls.o
_readlink                                         src\syscalls.o
_reclaim_reent                                    e:/program files (x86)/atollic/truestudio for stm32 9.0.1/armtools/bin/../lib/gcc/arm-atollic-eabi/6.3.1/../../../../arm-atollic-eabi/lib/armv7-m\libc_nano.a(lib_a-reent.o)
_sbrk                                             src\syscalls.o
                                                  e:/program files (x86)/atollic/truestudio for stm32 9.0.1/armtools/bin/../lib/gcc/arm-atollic-eabi/6.3.1/../../../../arm-atollic-eabi/lib/armv7-m\libc_nano.a(lib_a-sbrkr.o)
_sbrk_r                                           e:/program files (x86)/atollic/truestudio for stm32 9.0.1/armtools/bin/../lib/gcc/arm-atollic-eabi/6.3.1/../../../../arm-atollic-eabi/lib/armv7-m\libc_nano.a(lib_a-sbrkr.o)
                                                  e:/program files (x86)/atollic/truestudio for stm32 9.0.1/armtools/bin/../lib/gcc/arm-atollic-eabi/6.3.1/../../../../arm-atollic-eabi/lib/armv7-m\libc_nano.a(lib_a-nano-mallocr.o)
_sbss                                             src\startup_stm32l152xe.o
_sdata                                            src\startup_stm32l152xe.o
_sidata                                           src\startup_stm32l152xe.o
_stat                                             src\syscalls.o
_symlink                                          src\syscalls.o
_times                                            src\syscalls.o
_unlink                                           src\syscalls.o
_wait                                             src\syscalls.o
_write                                            src\syscalls.o
                                                  src\tiny_printf.o
cleanup_glue                                      e:/program files (x86)/atollic/truestudio for stm32 9.0.1/armtools/bin/../lib/gcc/arm-atollic-eabi/6.3.1/../../../../arm-atollic-eabi/lib/armv7-m\libc_nano.a(lib_a-reent.o)
delay_Ms                                          src\main.o
end                                               src\syscalls.o
environ                                           src\syscalls.o
errno                                             e:/program files (x86)/atollic/truestudio for stm32 9.0.1/armtools/bin/../lib/gcc/arm-atollic-eabi/6.3.1/../../../../arm-atollic-eabi/lib/armv7-m\libc_nano.a(lib_a-reent.o)
                                                  e:/program files (x86)/atollic/truestudio for stm32 9.0.1/armtools/bin/../lib/gcc/arm-atollic-eabi/6.3.1/../../../../arm-atollic-eabi/lib/armv7-m\libc_nano.a(lib_a-sbrkr.o)
                                                  src\syscalls.o
fiprintf                                          src\tiny_printf.o
fprintf                                           src\tiny_printf.o
fputs                                             src\tiny_printf.o
fwrite                                            src\tiny_printf.o
g_pfnVectors                                      src\startup_stm32l152xe.o
initialise_monitor_handles                        src\syscalls.o
iprintf                                           src\tiny_printf.o
main                                              src\main.o
                                                  src\startup_stm32l152xe.o
printf                                            src\tiny_printf.o
puts                                              src\tiny_printf.o
siprintf                                          src\tiny_printf.o
sprintf                                           src\tiny_printf.o
                                                  src\main.o
strlen                                            e:/program files (x86)/atollic/truestudio for stm32 9.0.1/armtools/bin/../lib/gcc/arm-atollic-eabi/6.3.1/../../../../arm-atollic-eabi/lib/armv7-m\libc_nano.a(lib_a-strlen.o)
                                                  src\tiny_printf.o
ts_formatlength                                   src\tiny_printf.o
ts_formatstring                                   src\tiny_printf.o
ts_itoa                                           src\tiny_printf.o
