core_cm3.h:1452:22:NVIC_EnableIRQ	16	static
main.c:39:6:clear_buffer	24	static
main.c:59:5:main	40	static
main.c:175:6:USART1_Init	4	static
main.c:204:6:USART2_Init	4	static
main.c:219:6:USART1_write	16	static
main.c:226:6:USART2_write	16	static
main.c:233:6:USART1_IRQHandler	16	static
main.c:274:20:CRC16	24	static
main.c:323:6:USART1_read	16	static
main.c:332:6:USART2_read	16	static
main.c:341:6:wrong_slave_address	8	static
main.c:351:6:read_7_bytes_from_usartx	24	static
main.c:366:5:read_sensor	24	static
main.c:376:6:respond_frame	40	static
main.c:413:6:LED_Init	4	static
main.c:421:6:write_debug_msg	24	static
main.c:438:6:write_debug_frame	24	static
main.c:458:6:blink_led	4	static
